Archive member included to satisfy reference by file (symbol)

libFreeRTOS.a(tasks.c.obj)    CMakeFiles/blink.dir/src/main.c.obj (xTaskCreate)
libFreeRTOS.a(timers.c.obj)   libFreeRTOS.a(tasks.c.obj) (xTimerCreateTimerTask)
libFreeRTOS.a(port.c.obj)     libFreeRTOS.a(tasks.c.obj) (pxPortInitialiseStack)
libFreeRTOS.a(heap_4.c.obj)   libFreeRTOS.a(tasks.c.obj) (pvPortMalloc)
libFreeRTOS.a(list.c.obj)     libFreeRTOS.a(tasks.c.obj) (vListInitialise)
libFreeRTOS.a(queue.c.obj)    libFreeRTOS.a(timers.c.obj) (xQueueGenericCreate)
/usr/lib/gcc/arm-none-eabi/10.3.1/thumb/v6-m/nofp/libgcc.a(_dvmd_tls.o)
                              CMakeFiles/blink.dir/home/michael/pico/pico-sdk/src/rp2_common/pico_divider/divider.S.obj (__aeabi_idiv0)
/usr/lib/gcc/arm-none-eabi/10.3.1/../../../arm-none-eabi/lib/thumb/v6-m/nofp/libg.a(lib_a-atexit.o)
                              /usr/lib/gcc/arm-none-eabi/10.3.1/../../../arm-none-eabi/lib/thumb/v6-m/nofp/crt0.o (atexit)
/usr/lib/gcc/arm-none-eabi/10.3.1/../../../arm-none-eabi/lib/thumb/v6-m/nofp/libg.a(lib_a-calloc.o)
                              CMakeFiles/blink.dir/home/michael/pico/pico-sdk/src/rp2_common/pico_malloc/pico_malloc.c.obj (calloc)
/usr/lib/gcc/arm-none-eabi/10.3.1/../../../arm-none-eabi/lib/thumb/v6-m/nofp/libg.a(lib_a-callocr.o)
                              /usr/lib/gcc/arm-none-eabi/10.3.1/../../../arm-none-eabi/lib/thumb/v6-m/nofp/libg.a(lib_a-calloc.o) (_calloc_r)
/usr/lib/gcc/arm-none-eabi/10.3.1/../../../arm-none-eabi/lib/thumb/v6-m/nofp/libg.a(lib_a-fini.o)
                              /usr/lib/gcc/arm-none-eabi/10.3.1/../../../arm-none-eabi/lib/thumb/v6-m/nofp/crt0.o (__libc_fini_array)
/usr/lib/gcc/arm-none-eabi/10.3.1/../../../arm-none-eabi/lib/thumb/v6-m/nofp/libg.a(lib_a-impure.o)
                              /usr/lib/gcc/arm-none-eabi/10.3.1/../../../arm-none-eabi/lib/thumb/v6-m/nofp/libg.a(lib_a-calloc.o) (_impure_ptr)
/usr/lib/gcc/arm-none-eabi/10.3.1/../../../arm-none-eabi/lib/thumb/v6-m/nofp/libg.a(lib_a-init.o)
                              /usr/lib/gcc/arm-none-eabi/10.3.1/../../../arm-none-eabi/lib/thumb/v6-m/nofp/crt0.o (__libc_init_array)
/usr/lib/gcc/arm-none-eabi/10.3.1/../../../arm-none-eabi/lib/thumb/v6-m/nofp/libg.a(lib_a-malloc.o)
                              CMakeFiles/blink.dir/home/michael/pico/pico-sdk/src/rp2_common/pico_malloc/pico_malloc.c.obj (malloc)
/usr/lib/gcc/arm-none-eabi/10.3.1/../../../arm-none-eabi/lib/thumb/v6-m/nofp/libg.a(lib_a-mallocr.o)
                              /usr/lib/gcc/arm-none-eabi/10.3.1/../../../arm-none-eabi/lib/thumb/v6-m/nofp/libg.a(lib_a-callocr.o) (_malloc_r)
/usr/lib/gcc/arm-none-eabi/10.3.1/../../../arm-none-eabi/lib/thumb/v6-m/nofp/libg.a(lib_a-mlock.o)
                              /usr/lib/gcc/arm-none-eabi/10.3.1/../../../arm-none-eabi/lib/thumb/v6-m/nofp/libg.a(lib_a-mallocr.o) (__malloc_lock)
/usr/lib/gcc/arm-none-eabi/10.3.1/../../../arm-none-eabi/lib/thumb/v6-m/nofp/libg.a(lib_a-realloc.o)
                              CMakeFiles/blink.dir/home/michael/pico/pico-sdk/src/rp2_common/pico_malloc/pico_malloc.c.obj (realloc)
/usr/lib/gcc/arm-none-eabi/10.3.1/../../../arm-none-eabi/lib/thumb/v6-m/nofp/libg.a(lib_a-reallocr.o)
                              /usr/lib/gcc/arm-none-eabi/10.3.1/../../../arm-none-eabi/lib/thumb/v6-m/nofp/libg.a(lib_a-realloc.o) (_realloc_r)
/usr/lib/gcc/arm-none-eabi/10.3.1/../../../arm-none-eabi/lib/thumb/v6-m/nofp/libg.a(lib_a-sbrkr.o)
                              /usr/lib/gcc/arm-none-eabi/10.3.1/../../../arm-none-eabi/lib/thumb/v6-m/nofp/libg.a(lib_a-mallocr.o) (_sbrk_r)
/usr/lib/gcc/arm-none-eabi/10.3.1/../../../arm-none-eabi/lib/thumb/v6-m/nofp/libg.a(lib_a-strlen-stub.o)
                              CMakeFiles/blink.dir/home/michael/pico/pico-sdk/src/rp2_common/pico_stdio/stdio.c.obj (strlen)
/usr/lib/gcc/arm-none-eabi/10.3.1/../../../arm-none-eabi/lib/thumb/v6-m/nofp/libg.a(lib_a-__atexit.o)
                              /usr/lib/gcc/arm-none-eabi/10.3.1/../../../arm-none-eabi/lib/thumb/v6-m/nofp/libg.a(lib_a-atexit.o) (__register_exitproc)
/usr/lib/gcc/arm-none-eabi/10.3.1/../../../arm-none-eabi/lib/thumb/v6-m/nofp/libg.a(lib_a-freer.o)
                              /usr/lib/gcc/arm-none-eabi/10.3.1/../../../arm-none-eabi/lib/thumb/v6-m/nofp/libg.a(lib_a-malloc.o) (_free_r)
/usr/lib/gcc/arm-none-eabi/10.3.1/../../../arm-none-eabi/lib/thumb/v6-m/nofp/libg.a(lib_a-memmove.o)
                              /usr/lib/gcc/arm-none-eabi/10.3.1/../../../arm-none-eabi/lib/thumb/v6-m/nofp/libg.a(lib_a-reallocr.o) (memmove)
/usr/lib/gcc/arm-none-eabi/10.3.1/../../../arm-none-eabi/lib/thumb/v6-m/nofp/libg.a(lib_a-reent.o)
                              /usr/lib/gcc/arm-none-eabi/10.3.1/../../../arm-none-eabi/lib/thumb/v6-m/nofp/libg.a(lib_a-sbrkr.o) (errno)

Discarded input sections

 .text          0x0000000000000000        0x0 /usr/lib/gcc/arm-none-eabi/10.3.1/thumb/v6-m/nofp/crti.o
[...]
Memory Configuration

Name             Origin             Length             Attributes
FLASH            0x0000000010000000 0x0000000000200000 xr
RAM              0x0000000020000000 0x0000000000040000 xrw
SCRATCH_X        0x0000000020040000 0x0000000000001000 xrw
SCRATCH_Y        0x0000000020041000 0x0000000000001000 xrw
*default*        0x0000000000000000 0xffffffffffffffff

Linker script and memory map

LOAD /usr/lib/gcc/arm-none-eabi/10.3.1/thumb/v6-m/nofp/crti.o
LOAD /usr/lib/gcc/arm-none-eabi/10.3.1/thumb/v6-m/nofp/crtbegin.o
LOAD /usr/lib/gcc/arm-none-eabi/10.3.1/../../../arm-none-eabi/lib/thumb/v6-m/nofp/crt0.o

.flash_begin    0x0000000010000000        0x0
                0x0000000010000000                __flash_binary_start = .

.boot2          0x0000000010000000      0x100
                0x0000000010000000                __boot2_start__ = .
 *(.boot2)
 .boot2         0x0000000010000000      0x100 /tmp/ccT3vqNu.o
                0x0000000010000100                __boot2_end__ = .
                0x0000000000000001                ASSERT (((__boot2_end__ - __boot2_start__) == 0x100), ERROR: Pico second stage bootloader must be 256 bytes in size)

.text           0x0000000010000100     0x6410
                0x0000000010000100                __logical_binary_start = .
 *(.vectors)
 .vectors       0x0000000010000100       0xd4 CMakeFiles/blink.dir/home/michael/pico/pico-sdk/src/rp2_common/pico_standard_link/crt0.S.obj
                0x0000000010000100                __vectors
                0x0000000010000100                __VECTOR_TABLE
                0x00000000100001c0                isr_invalid
                0x00000000100001c0                __default_isrs_start
                0x00000000100001c2                isr_nmi
                0x00000000100001c4                isr_hardfault
                0x00000000100001cc                isr_irq30
                0x00000000100001cc                __unhandled_user_irq
                0x00000000100001cc                isr_irq13
                0x00000000100001cc                isr_irq27
                0x00000000100001cc                isr_irq31
                0x00000000100001cc                isr_irq5
                0x00000000100001cc                isr_irq11
                0x00000000100001cc                isr_irq23
                0x00000000100001cc                isr_irq18
                0x00000000100001cc                isr_irq28
                0x00000000100001cc                isr_irq19
                0x00000000100001cc                isr_irq0
                0x00000000100001cc                isr_irq6
                0x00000000100001cc                isr_irq22
                0x00000000100001cc                isr_irq17
                0x00000000100001cc                isr_irq14
                0x00000000100001cc                isr_irq2
                0x00000000100001cc                isr_irq10
                0x00000000100001cc                isr_irq8
                0x00000000100001cc                isr_irq24
                0x00000000100001cc                isr_irq1
                0x00000000100001cc                isr_irq7
                0x00000000100001cc                isr_irq21
                0x00000000100001cc                isr_irq20
                0x00000000100001cc                isr_irq15
                0x00000000100001cc                isr_irq25
                0x00000000100001cc                isr_irq4
                0x00000000100001cc                isr_irq16
                0x00000000100001cc                isr_irq29
                0x00000000100001cc                isr_irq26
                0x00000000100001cc                __default_isrs_end
                0x00000000100001cc                isr_irq3
                0x00000000100001cc                isr_irq12
                0x00000000100001cc                isr_irq9
                0x00000000100001d2                unhandled_user_irq_num_in_r0
 *(.binary_info_header)
 .binary_info_header
                0x00000000100001d4       0x14 CMakeFiles/blink.dir/home/michael/pico/pico-sdk/src/rp2_common/pico_standard_link/crt0.S.obj
                0x00000000100001e8                __binary_info_header_end = .
 *(.reset)
 .reset         0x00000000100001e8       0xa8 CMakeFiles/blink.dir/home/michael/pico/pico-sdk/src/rp2_common/pico_standard_link/crt0.S.obj
                0x00000000100001e8                _entry_point
                0x0000000010000266                __get_current_exception
 .reset         0x0000000010000290       0x30 CMakeFiles/blink.dir/home/michael/pico/pico-sdk/src/rp2_common/pico_standard_link/binary_info.c.obj
 *(.init)
 .init          0x00000000100002c0        0x4 /usr/lib/gcc/arm-none-eabi/10.3.1/thumb/v6-m/nofp/crti.o
                0x00000000100002c0                _init
 *(EXCLUDE_FILE(*libm.a: *libc.a:*lib_a-mem*.o *libgcc.a:) .text*)
 .text          0x00000000100002c4       0x98 /usr/lib/gcc/arm-none-eabi/10.3.1/thumb/v6-m/nofp/crtbegin.o
 .text.GreenLEDTask
                0x000000001000035c       0x20 CMakeFiles/blink.dir/src/main.c.obj
                0x000000001000035c                GreenLEDTask
 .text.main     0x000000001000037c       0x48 CMakeFiles/blink.dir/src/main.c.obj
                0x000000001000037c                main
 .text.gpio_set_function
                0x00000000100003c4       0x30 CMakeFiles/blink.dir/home/michael/pico/pico-sdk/src/rp2_common/hardware_gpio/gpio.c.obj
                0x00000000100003c4                gpio_set_function
 .text.gpio_init
                0x00000000100003f4       0x16 CMakeFiles/blink.dir/home/michael/pico/pico-sdk/src/rp2_common/hardware_gpio/gpio.c.obj
                0x00000000100003f4                gpio_init
 *fill*         0x000000001000040a        0x2 
 .text.hw_claim_lock
                0x000000001000040c       0x18 CMakeFiles/blink.dir/home/michael/pico/pico-sdk/src/rp2_common/hardware_claim/claim.c.obj
                0x000000001000040c                hw_claim_lock
 .text.hw_claim_unlock
                0x0000000010000424       0x14 CMakeFiles/blink.dir/home/michael/pico/pico-sdk/src/rp2_common/hardware_claim/claim.c.obj
                0x0000000010000424                hw_claim_unlock
 .text.hw_claim_or_assert
                0x0000000010000438       0x32 CMakeFiles/blink.dir/home/michael/pico/pico-sdk/src/rp2_common/hardware_claim/claim.c.obj
                0x0000000010000438                hw_claim_or_assert
 *fill*         0x000000001000046a        0x2 
 .text.running_on_fpga
                0x000000001000046c       0x14 CMakeFiles/blink.dir/home/michael/pico/pico-sdk/src/rp2_common/pico_platform/platform.c.obj
                0x000000001000046c                running_on_fpga
 .text.spin_locks_reset
                0x0000000010000480       0x20 CMakeFiles/blink.dir/home/michael/pico/pico-sdk/src/rp2_common/hardware_sync/sync.c.obj
                0x0000000010000480                spin_locks_reset
 .text.next_striped_spin_lock_num
                0x00000000100004a0       0x1c CMakeFiles/blink.dir/home/michael/pico/pico-sdk/src/rp2_common/hardware_sync/sync.c.obj
                0x00000000100004a0                next_striped_spin_lock_num
 .text.set_raw_irq_handler_and_unlock
                0x00000000100004bc       0x28 CMakeFiles/blink.dir/home/michael/pico/pico-sdk/src/rp2_common/hardware_irq/irq.c.obj
 .text.make_branch
                0x00000000100004e4       0x48 CMakeFiles/blink.dir/home/michael/pico/pico-sdk/src/rp2_common/hardware_irq/irq.c.obj
 .text.insert_branch_and_link
                0x000000001000052c       0x40 CMakeFiles/blink.dir/home/michael/pico/pico-sdk/src/rp2_common/hardware_irq/irq.c.obj
 .text.irq_is_enabled
                0x000000001000056c       0x18 CMakeFiles/blink.dir/home/michael/pico/pico-sdk/src/rp2_common/hardware_irq/irq.c.obj
                0x000000001000056c                irq_is_enabled
 .text.irq_set_mask_enabled
                0x0000000010000584       0x20 CMakeFiles/blink.dir/home/michael/pico/pico-sdk/src/rp2_common/hardware_irq/irq.c.obj
                0x0000000010000584                irq_set_mask_enabled
 .text.irq_set_enabled
                0x00000000100005a4        0xe CMakeFiles/blink.dir/home/michael/pico/pico-sdk/src/rp2_common/hardware_irq/irq.c.obj
                0x00000000100005a4                irq_set_enabled
 *fill*         0x00000000100005b2        0x2 
 .text.irq_get_vtable_handler
                0x00000000100005b4       0x10 CMakeFiles/blink.dir/home/michael/pico/pico-sdk/src/rp2_common/hardware_irq/irq.c.obj
                0x00000000100005b4                irq_get_vtable_handler
 .text.irq_set_exclusive_handler
                0x00000000100005c4       0x54 CMakeFiles/blink.dir/home/michael/pico/pico-sdk/src/rp2_common/hardware_irq/irq.c.obj
                0x00000000100005c4                irq_set_exclusive_handler
 .text.irq_remove_handler
                0x0000000010000618      0x1a8 CMakeFiles/blink.dir/home/michael/pico/pico-sdk/src/rp2_common/hardware_irq/irq.c.obj
                0x0000000010000618                irq_remove_handler
 .text.irq_add_tail_to_free_list
                0x00000000100007c0       0xf0 CMakeFiles/blink.dir/home/michael/pico/pico-sdk/src/rp2_common/hardware_irq/irq.c.obj
                0x00000000100007c0                irq_add_tail_to_free_list
 .text.irq_init_priorities
                0x00000000100008b0       0x1c CMakeFiles/blink.dir/home/michael/pico/pico-sdk/src/rp2_common/hardware_irq/irq.c.obj
                0x00000000100008b0                irq_init_priorities
 .text.lock_init
                0x00000000100008cc       0x10 CMakeFiles/blink.dir/home/michael/pico/pico-sdk/src/common/pico_sync/lock_core.c.obj
                0x00000000100008cc                lock_init
 .text.alarm_pool_post_alloc_init
                0x00000000100008dc       0x40 CMakeFiles/blink.dir/home/michael/pico/pico-sdk/src/common/pico_time/time.c.obj
 .text.timer_pool_entry_comparator
                0x000000001000091c       0x7c CMakeFiles/blink.dir/home/michael/pico/pico-sdk/src/common/pico_time/time.c.obj
                0x000000001000091c                timer_pool_entry_comparator
 .text.ph_add_child_node
                0x0000000010000998       0xa4 CMakeFiles/blink.dir/home/michael/pico/pico-sdk/src/common/pico_time/time.c.obj
 .text.ph_merge_nodes
                0x0000000010000a3c       0x3e CMakeFiles/blink.dir/home/michael/pico/pico-sdk/src/common/pico_time/time.c.obj
 *fill*         0x0000000010000a7a        0x2 
 .text.add_alarm_under_lock
                0x0000000010000a7c      0x174 CMakeFiles/blink.dir/home/michael/pico/pico-sdk/src/common/pico_time/time.c.obj
 .text.alarm_pool_alarm_callback
                0x0000000010000bf0      0x328 CMakeFiles/blink.dir/home/michael/pico/pico-sdk/src/common/pico_time/time.c.obj
 .text.alarm_pool_init_default
                0x0000000010000f18       0x38 CMakeFiles/blink.dir/home/michael/pico/pico-sdk/src/common/pico_time/time.c.obj
                0x0000000010000f18                alarm_pool_init_default
 .text.hardware_alarm_irq_handler
                0x0000000010000f50       0x8c CMakeFiles/blink.dir/home/michael/pico/pico-sdk/src/rp2_common/hardware_timer/timer.c.obj
 .text.hardware_alarm_claim
                0x0000000010000fdc       0x18 CMakeFiles/blink.dir/home/michael/pico/pico-sdk/src/rp2_common/hardware_timer/timer.c.obj
                0x0000000010000fdc                hardware_alarm_claim
 .text.time_us_64
                0x0000000010000ff4       0x18 CMakeFiles/blink.dir/home/michael/pico/pico-sdk/src/rp2_common/hardware_timer/timer.c.obj
                0x0000000010000ff4                time_us_64
 .text.hardware_alarm_set_callback
                0x000000001000100c       0x90 CMakeFiles/blink.dir/home/michael/pico/pico-sdk/src/rp2_common/hardware_timer/timer.c.obj
                0x000000001000100c                hardware_alarm_set_callback
 .text.hardware_alarm_set_target
                0x000000001000109c       0xe8 CMakeFiles/blink.dir/home/michael/pico/pico-sdk/src/rp2_common/hardware_timer/timer.c.obj
                0x000000001000109c                hardware_alarm_set_target
 .text.hardware_alarm_cancel
                0x0000000010001184       0x40 CMakeFiles/blink.dir/home/michael/pico/pico-sdk/src/rp2_common/hardware_timer/timer.c.obj
                0x0000000010001184                hardware_alarm_cancel
 .text.ph_add_child_node
                0x00000000100011c4       0xa4 CMakeFiles/blink.dir/home/michael/pico/pico-sdk/src/common/pico_util/pheap.c.obj
 .text.ph_merge_nodes
                0x0000000010001268       0x3e CMakeFiles/blink.dir/home/michael/pico/pico-sdk/src/common/pico_util/pheap.c.obj
 *fill*         0x00000000100012a6        0x2 
 .text.ph_clear
                0x00000000100012a8       0x70 CMakeFiles/blink.dir/home/michael/pico/pico-sdk/src/common/pico_util/pheap.c.obj
                0x00000000100012a8                ph_clear
 .text.ph_post_alloc_init
                0x0000000010001318        0xe CMakeFiles/blink.dir/home/michael/pico/pico-sdk/src/common/pico_util/pheap.c.obj
                0x0000000010001318                ph_post_alloc_init
 *fill*         0x0000000010001326        0x2 
 .text.ph_merge_two_pass
                0x0000000010001328       0xa8 CMakeFiles/blink.dir/home/michael/pico/pico-sdk/src/common/pico_util/pheap.c.obj
                0x0000000010001328                ph_merge_two_pass
 .text.ph_remove_any_head
                0x00000000100013d0      0x108 CMakeFiles/blink.dir/home/michael/pico/pico-sdk/src/common/pico_util/pheap.c.obj
 .text.ph_remove_head
                0x00000000100014d8       0x14 CMakeFiles/blink.dir/home/michael/pico/pico-sdk/src/common/pico_util/pheap.c.obj
                0x00000000100014d8                ph_remove_head
 .text.ph_remove_and_free_node
                0x00000000100014ec       0xf8 CMakeFiles/blink.dir/home/michael/pico/pico-sdk/src/common/pico_util/pheap.c.obj
                0x00000000100014ec                ph_remove_and_free_node
 .text.mutex_init
                0x00000000100015e4       0x1a CMakeFiles/blink.dir/home/michael/pico/pico-sdk/src/common/pico_sync/mutex.c.obj
                0x00000000100015e4                mutex_init
 .text.recursive_mutex_init
                0x00000000100015fe       0x1e CMakeFiles/blink.dir/home/michael/pico/pico-sdk/src/common/pico_sync/mutex.c.obj
                0x00000000100015fe                recursive_mutex_init
 .text.uart_set_baudrate
                0x000000001000161c       0x5c CMakeFiles/blink.dir/home/michael/pico/pico-sdk/src/rp2_common/hardware_uart/uart.c.obj
                0x000000001000161c                uart_set_baudrate
 .text.uart_set_translate_crlf
                0x0000000010001678       0x28 CMakeFiles/blink.dir/home/michael/pico/pico-sdk/src/rp2_common/hardware_uart/uart.c.obj
                0x0000000010001678                uart_set_translate_crlf
 .text.uart_init
                0x00000000100016a0       0x80 CMakeFiles/blink.dir/home/michael/pico/pico-sdk/src/rp2_common/hardware_uart/uart.c.obj
                0x00000000100016a0                uart_init
 .text._exit    0x0000000010001720        0x4 CMakeFiles/blink.dir/home/michael/pico/pico-sdk/src/rp2_common/pico_runtime/runtime.c.obj
                0x0000000010001720                _exit
 .text.exit     0x0000000010001724        0x6 CMakeFiles/blink.dir/home/michael/pico/pico-sdk/src/rp2_common/pico_runtime/runtime.c.obj
                0x0000000010001724                exit
 *fill*         0x000000001000172a        0x2 
 .text.__assert_func
                0x000000001000172c       0x3c CMakeFiles/blink.dir/home/michael/pico/pico-sdk/src/rp2_common/pico_runtime/runtime.c.obj
                0x000000001000172c                __assert_func
 .text.runtime_init
                0x0000000010001768       0xf8 CMakeFiles/blink.dir/home/michael/pico/pico-sdk/src/rp2_common/pico_runtime/runtime.c.obj
                0x0000000010001768                runtime_init
 .text.panic    0x0000000010001860       0x30 CMakeFiles/blink.dir/home/michael/pico/pico-sdk/src/rp2_common/pico_runtime/runtime.c.obj
                0x0000000010001860                panic
 .text.clock_configure
                0x0000000010001890      0x104 CMakeFiles/blink.dir/home/michael/pico/pico-sdk/src/rp2_common/hardware_clocks/clocks.c.obj
                0x0000000010001890                clock_configure
 .text.clocks_init
                0x0000000010001994      0x100 CMakeFiles/blink.dir/home/michael/pico/pico-sdk/src/rp2_common/hardware_clocks/clocks.c.obj
                0x0000000010001994                clocks_init
 .text.clock_get_hz
                0x0000000010001a94        0xc CMakeFiles/blink.dir/home/michael/pico/pico-sdk/src/rp2_common/hardware_clocks/clocks.c.obj
                0x0000000010001a94                clock_get_hz
 .text.pll_init
                0x0000000010001aa0      0x140 CMakeFiles/blink.dir/home/michael/pico/pico-sdk/src/rp2_common/hardware_pll/pll.c.obj
                0x0000000010001aa0                pll_init
 .text.watchdog_start_tick
                0x0000000010001be0       0x10 CMakeFiles/blink.dir/home/michael/pico/pico-sdk/src/rp2_common/hardware_watchdog/watchdog.c.obj
                0x0000000010001be0                watchdog_start_tick
 .text.xosc_init
                0x0000000010001bf0       0x28 CMakeFiles/blink.dir/home/michael/pico/pico-sdk/src/rp2_common/hardware_xosc/xosc.c.obj
                0x0000000010001bf0                xosc_init
 .text._out_null
                0x0000000010001c18        0x2 CMakeFiles/blink.dir/home/michael/pico/pico-sdk/src/rp2_common/pico_printf/printf.c.obj
 .text._out_fct
                0x0000000010001c1a        0xe CMakeFiles/blink.dir/home/michael/pico/pico-sdk/src/rp2_common/pico_printf/printf.c.obj
 .text._atoi    0x0000000010001c28       0x24 CMakeFiles/blink.dir/home/michael/pico/pico-sdk/src/rp2_common/pico_printf/printf.c.obj
 .text._out_rev
                0x0000000010001c4c       0xae CMakeFiles/blink.dir/home/michael/pico/pico-sdk/src/rp2_common/pico_printf/printf.c.obj
 .text._ntoa_format
                0x0000000010001cfa      0x112 CMakeFiles/blink.dir/home/michael/pico/pico-sdk/src/rp2_common/pico_printf/printf.c.obj
 .text._ntoa_long
                0x0000000010001e0c       0xbc CMakeFiles/blink.dir/home/michael/pico/pico-sdk/src/rp2_common/pico_printf/printf.c.obj
 .text._ntoa_long_long
                0x0000000010001ec8       0xe2 CMakeFiles/blink.dir/home/michael/pico/pico-sdk/src/rp2_common/pico_printf/printf.c.obj
 *fill*         0x0000000010001faa        0x2 
 .text._etoa    0x0000000010001fac      0x414 CMakeFiles/blink.dir/home/michael/pico/pico-sdk/src/rp2_common/pico_printf/printf.c.obj
 .text._ftoa    0x00000000100023c0      0x354 CMakeFiles/blink.dir/home/michael/pico/pico-sdk/src/rp2_common/pico_printf/printf.c.obj
 .text._vsnprintf
                0x0000000010002714      0x624 CMakeFiles/blink.dir/home/michael/pico/pico-sdk/src/rp2_common/pico_printf/printf.c.obj
 .text.vfctprintf
                0x0000000010002d38       0x20 CMakeFiles/blink.dir/home/michael/pico/pico-sdk/src/rp2_common/pico_printf/printf.c.obj
                0x0000000010002d38                vfctprintf
 .text          0x0000000010002d58       0x10 CMakeFiles/blink.dir/home/michael/pico/pico-sdk/src/rp2_common/pico_bit_ops/bit_ops_aeabi.S.obj
 .text.rom_func_lookup
                0x0000000010002d68       0x10 CMakeFiles/blink.dir/home/michael/pico/pico-sdk/src/rp2_common/pico_bootrom/bootrom.c.obj
                0x0000000010002d68                rom_func_lookup
 .text.rom_data_lookup
                0x0000000010002d78       0x10 CMakeFiles/blink.dir/home/michael/pico/pico-sdk/src/rp2_common/pico_bootrom/bootrom.c.obj
                0x0000000010002d78                rom_data_lookup
 .text.rom_funcs_lookup
                0x0000000010002d88       0x36 CMakeFiles/blink.dir/home/michael/pico/pico-sdk/src/rp2_common/pico_bootrom/bootrom.c.obj
                0x0000000010002d88                rom_funcs_lookup
 *fill*         0x0000000010002dbe        0x2 
 .text.__wrap___aeabi_idiv
                0x0000000010002dc0       0x50 CMakeFiles/blink.dir/home/michael/pico/pico-sdk/src/rp2_common/pico_divider/divider.S.obj
                0x0000000010002dc0                __wrap___aeabi_idivmod
                0x0000000010002dc0                divmod_s32s32
                0x0000000010002dc0                div_s32s32
                0x0000000010002dc0                __wrap___aeabi_idiv
                0x0000000010002dc8                divmod_s32s32_unsafe
                0x0000000010002df4                divmod_s32s32_savestate
 .text.__wrap___aeabi_uidiv
                0x0000000010002e10       0x4c CMakeFiles/blink.dir/home/michael/pico/pico-sdk/src/rp2_common/pico_divider/divider.S.obj
                0x0000000010002e10                __wrap___aeabi_uidiv
                0x0000000010002e10                __wrap___aeabi_uidivmod
                0x0000000010002e10                div_u32u32
                0x0000000010002e10                divmod_u32u32
                0x0000000010002e18                divmod_u32u32_unsafe
                0x0000000010002e40                divmod_u32u32_savestate
 .text.__wrap___aeabi_ldiv
                0x0000000010002e5c      0x434 CMakeFiles/blink.dir/home/michael/pico/pico-sdk/src/rp2_common/pico_divider/divider.S.obj
                0x0000000010002e5c                div_s64s64
                0x0000000010002e5c                divmod_s64s64
                0x0000000010002e5c                __wrap___aeabi_ldivmod
                0x0000000010002e94                div_u64u64
                0x0000000010002e94                divmod_u64u64
                0x0000000010002e94                __wrap___aeabi_uldivmod
                0x0000000010002ea4                divmod_u64u64_savestate
                0x0000000010002ecc                divmod_s64s64_unsafe
                0x0000000010002f54                divmod_u64u64_unsafe
 .text.__wrap___aeabi_darithmetic
                0x0000000010003290       0x80 CMakeFiles/blink.dir/home/michael/pico/pico-sdk/src/rp2_common/pico_double/double_aeabi.S.obj
                0x0000000010003290                __wrap___aeabi_drsub
                0x0000000010003296                __wrap___aeabi_dsub
                0x00000000100032a8                __wrap___aeabi_dadd
                0x00000000100032ba                __wrap___aeabi_ddiv
                0x00000000100032f6                __wrap___aeabi_dmul
 .text.__wrap___aeabi_cdcmple
                0x0000000010003310       0x6c CMakeFiles/blink.dir/home/michael/pico/pico-sdk/src/rp2_common/pico_double/double_aeabi.S.obj
                0x0000000010003310                __wrap___aeabi_cdrcmple
                0x0000000010003320                __wrap___aeabi_cdcmple
                0x0000000010003320                __wrap___aeabi_cdcmpeq
 .text.__wrap___aeabi_dcmplt
                0x000000001000337c        0xc CMakeFiles/blink.dir/home/michael/pico/pico-sdk/src/rp2_common/pico_double/double_aeabi.S.obj
                0x000000001000337c                __wrap___aeabi_dcmplt
 .text.__wrap___aeabi_dcmple
                0x0000000010003388       0x10 CMakeFiles/blink.dir/home/michael/pico/pico-sdk/src/rp2_common/pico_double/double_aeabi.S.obj
                0x0000000010003388                __wrap___aeabi_dcmple
 .text.__wrap___aeabi_dcmpge
                0x0000000010003398       0x10 CMakeFiles/blink.dir/home/michael/pico/pico-sdk/src/rp2_common/pico_double/double_aeabi.S.obj
                0x0000000010003398                __wrap___aeabi_dcmpge
 .text.__wrap___aeabi_dcmpgt
                0x00000000100033a8        0xa CMakeFiles/blink.dir/home/michael/pico/pico-sdk/src/rp2_common/pico_double/double_aeabi.S.obj
                0x00000000100033a8                __wrap___aeabi_dcmpgt
 .text.__wrap___aeabi_dcmpun
                0x00000000100033b2       0x1c CMakeFiles/blink.dir/home/michael/pico/pico-sdk/src/rp2_common/pico_double/double_aeabi.S.obj
                0x00000000100033b2                __wrap___aeabi_dcmpun
 *fill*         0x00000000100033ce        0x2 
 .text.__wrap___aeabi_i2d
                0x00000000100033d0       0x38 CMakeFiles/blink.dir/home/michael/pico/pico-sdk/src/rp2_common/pico_double/double_aeabi.S.obj
                0x00000000100033d0                __wrap___aeabi_ui2d
                0x00000000100033d8                __wrap___aeabi_i2d
 .text.__wrap___aeabi_d2iz
                0x0000000010003408       0x48 CMakeFiles/blink.dir/home/michael/pico/pico-sdk/src/rp2_common/pico_double/double_aeabi.S.obj
                0x0000000010003408                __wrap___aeabi_d2iz
                0x0000000010003408                double2int_z
 .text.__wrap___aeabi_d2uiz
                0x0000000010003450       0x18 CMakeFiles/blink.dir/home/michael/pico/pico-sdk/src/rp2_common/pico_double/double_aeabi.S.obj
                0x0000000010003450                double2uint
                0x0000000010003450                __wrap___aeabi_d2uiz
 .text.__aeabi_double_init
                0x0000000010003468       0xc8 CMakeFiles/blink.dir/home/michael/pico/pico-sdk/src/rp2_common/pico_double/double_init_rom.c.obj
                0x0000000010003468                __aeabi_double_init
 .text.double_table_shim_on_use_helper
                0x0000000010003530       0x34 CMakeFiles/blink.dir/home/michael/pico/pico-sdk/src/rp2_common/pico_double/double_v1_rom_shim.S.obj
                0x0000000010003530                double_table_shim_on_use_helper
 .text.__wrap___aeabi_dsub
                0x0000000010003564       0x10 CMakeFiles/blink.dir/home/michael/pico/pico-sdk/src/rp2_common/pico_double/double_v1_rom_shim.S.obj
                0x0000000010003564                drsub_shim
                0x000000001000356a                dsub_shim
 .text.dadd_shim
                0x0000000010003574      0x15c CMakeFiles/blink.dir/home/michael/pico/pico-sdk/src/rp2_common/pico_double/double_v1_rom_shim.S.obj
                0x0000000010003574                dadd_shim
 .text.dmul_shim
                0x00000000100036d0      0x15c CMakeFiles/blink.dir/home/michael/pico/pico-sdk/src/rp2_common/pico_double/double_v1_rom_shim.S.obj
                0x00000000100036d0                dmul_shim
 .text.ddiv_shim
                0x000000001000382c      0x1b0 CMakeFiles/blink.dir/home/michael/pico/pico-sdk/src/rp2_common/pico_double/double_v1_rom_shim.S.obj
                0x000000001000382c                ddiv_shim
 .text.double2uint_shim
                0x00000000100039dc        0xe CMakeFiles/blink.dir/home/michael/pico/pico-sdk/src/rp2_common/pico_double/double_v1_rom_shim.S.obj
                0x00000000100039dc                double2uint_shim
                0x00000000100039de                double2ufix_shim
 *fill*         0x00000000100039ea        0x2 
 .text.double2uint64_shim
                0x00000000100039ec       0x70 CMakeFiles/blink.dir/home/michael/pico/pico-sdk/src/rp2_common/pico_double/double_v1_rom_shim.S.obj
                0x00000000100039ec                double2uint64_shim
                0x00000000100039ee                double2ufix64_shim
                0x0000000010003a0e                d2fix_a
 .text.dunpacks
                0x0000000010003a5c       0x3c CMakeFiles/blink.dir/home/michael/pico/pico-sdk/src/rp2_common/pico_double/double_v1_rom_shim.S.obj
                0x0000000010003a5c                dunpacks
 .text.__aeabi_float_init
                0x0000000010003a98       0xfc CMakeFiles/blink.dir/home/michael/pico/pico-sdk/src/rp2_common/pico_float/float_init_rom.c.obj
                0x0000000010003a98                __aeabi_float_init
 .text.float_table_shim_on_use_helper
                0x0000000010003b94       0x34 CMakeFiles/blink.dir/home/michael/pico/pico-sdk/src/rp2_common/pico_float/float_v1_rom_shim.S.obj
                0x0000000010003b94                float_table_shim_on_use_helper
 .text          0x0000000010003bc8       0x10 CMakeFiles/blink.dir/home/michael/pico/pico-sdk/src/rp2_common/pico_mem_ops/mem_ops_aeabi.S.obj
                0x0000000010003bc8                __aeabi_mem_init
 .text.memset   0x0000000010003bd8        0xc CMakeFiles/blink.dir/home/michael/pico/pico-sdk/src/rp2_common/pico_mem_ops/mem_ops_aeabi.S.obj
                0x0000000010003bd8                __wrap_memset
 .text.memcpy   0x0000000010003be4        0xc CMakeFiles/blink.dir/home/michael/pico/pico-sdk/src/rp2_common/pico_mem_ops/mem_ops_aeabi.S.obj
                0x0000000010003be4                __wrap___aeabi_memcpy
                0x0000000010003be4                __wrap_memcpy
 .text.stdio_out_chars_no_crlf
                0x0000000010003bf0        0xe CMakeFiles/blink.dir/home/michael/pico/pico-sdk/src/rp2_common/pico_stdio/stdio.c.obj
 *fill*         0x0000000010003bfe        0x2 
 .text.stdio_out_chars_crlf
                0x0000000010003c00       0x80 CMakeFiles/blink.dir/home/michael/pico/pico-sdk/src/rp2_common/pico_stdio/stdio.c.obj
 .text.stdio_stack_buffer_flush
                0x0000000010003c80       0x44 CMakeFiles/blink.dir/home/michael/pico/pico-sdk/src/rp2_common/pico_stdio/stdio.c.obj
 .text.stdio_buffered_printer
                0x0000000010003cc4       0x20 CMakeFiles/blink.dir/home/michael/pico/pico-sdk/src/rp2_common/pico_stdio/stdio.c.obj
 .text.stdout_serialize_begin
                0x0000000010003ce4       0x30 CMakeFiles/blink.dir/home/michael/pico/pico-sdk/src/rp2_common/pico_stdio/stdio.c.obj
                0x0000000010003ce4                stdout_serialize_begin
 .text.stdout_serialize_end
                0x0000000010003d14       0x10 CMakeFiles/blink.dir/home/michael/pico/pico-sdk/src/rp2_common/pico_stdio/stdio.c.obj
                0x0000000010003d14                stdout_serialize_end
 .text.stdio_put_string
                0x0000000010003d24       0x98 CMakeFiles/blink.dir/home/michael/pico/pico-sdk/src/rp2_common/pico_stdio/stdio.c.obj
 .text.stdio_set_driver_enabled
                0x0000000010003dbc       0x2c CMakeFiles/blink.dir/home/michael/pico/pico-sdk/src/rp2_common/pico_stdio/stdio.c.obj
                0x0000000010003dbc                stdio_set_driver_enabled
 .text.stdio_flush
                0x0000000010003de8       0x20 CMakeFiles/blink.dir/home/michael/pico/pico-sdk/src/rp2_common/pico_stdio/stdio.c.obj
                0x0000000010003de8                stdio_flush
 .text.__wrap_puts
                0x0000000010003e08       0x1e CMakeFiles/blink.dir/home/michael/pico/pico-sdk/src/rp2_common/pico_stdio/stdio.c.obj
                0x0000000010003e08                __wrap_puts
 *fill*         0x0000000010003e26        0x2 
 .text.__wrap_vprintf
                0x0000000010003e28       0x44 CMakeFiles/blink.dir/home/michael/pico/pico-sdk/src/rp2_common/pico_stdio/stdio.c.obj
                0x0000000010003e28                __wrap_vprintf
 .text.__wrap_printf
                0x0000000010003e6c       0x18 CMakeFiles/blink.dir/home/michael/pico/pico-sdk/src/rp2_common/pico_stdio/stdio.c.obj
                0x0000000010003e6c                __wrap_printf
 .text.stdio_init_all
                0x0000000010003e84        0x8 CMakeFiles/blink.dir/home/michael/pico/pico-sdk/src/rp2_common/pico_stdio/stdio.c.obj
                0x0000000010003e84                stdio_init_all
 .text.stdio_uart_out_chars
                0x0000000010003e8c       0x74 CMakeFiles/blink.dir/home/michael/pico/pico-sdk/src/rp2_common/pico_stdio_uart/stdio_uart.c.obj
 .text.stdio_uart_in_chars
                0x0000000010003f00       0x58 CMakeFiles/blink.dir/home/michael/pico/pico-sdk/src/rp2_common/pico_stdio_uart/stdio_uart.c.obj
                0x0000000010003f00                stdio_uart_in_chars
 .text.stdio_uart_init_full
                0x0000000010003f58       0x3c CMakeFiles/blink.dir/home/michael/pico/pico-sdk/src/rp2_common/pico_stdio_uart/stdio_uart.c.obj
                0x0000000010003f58                stdio_uart_init_full
 .text.stdio_uart_init
                0x0000000010003f94       0x28 CMakeFiles/blink.dir/home/michael/pico/pico-sdk/src/rp2_common/pico_stdio_uart/stdio_uart.c.obj
                0x0000000010003f94                stdio_uart_init
 .text          0x0000000010003fbc     0x1288 libFreeRTOS.a(tasks.c.obj)
                0x0000000010004278                xTaskCreate
                0x00000000100042e0                vTaskDelete
                0x0000000010004364                uxTaskPriorityGet
                0x0000000010004384                uxTaskPriorityGetFromISR
                0x00000000100043a4                vTaskPrioritySet
                0x0000000010004474                vTaskResume
                0x00000000100044f8                xTaskResumeFromISR
                0x0000000010004594                vTaskStartScheduler
                0x00000000100045f4                vTaskEndScheduler
                0x0000000010004608                vTaskSuspendAll
                0x0000000010004618                xTaskGetTickCount
                0x0000000010004624                xTaskGetTickCountFromISR
                0x0000000010004630                uxTaskGetNumberOfTasks
                0x000000001000463c                pcTaskGetName
                0x0000000010004650                xTaskIncrementTick
                0x0000000010004778                xTaskResumeAll
                0x0000000010004894                xTaskDelayUntil
                0x00000000100048f4                vTaskDelay
                0x0000000010004914                xTaskCatchUpTicks
                0x0000000010004938                vTaskSwitchContext
                0x00000000100049b4                vTaskSuspend
                0x0000000010004a58                vTaskPlaceOnEventList
                0x0000000010004a74                vTaskPlaceOnUnorderedEventList
                0x0000000010004ab4                vTaskPlaceOnEventListRestricted
                0x0000000010004af4                xTaskRemoveFromEventList
                0x0000000010004bc8                vTaskRemoveFromUnorderedEventList
                0x0000000010004c78                vTaskSetTimeOutState
                0x0000000010004c94                vTaskInternalSetTimeOutState
                0x0000000010004ca4                xTaskCheckForTimeOut
                0x0000000010004cfc                vTaskMissedYield
                0x0000000010004d08                vTaskSetThreadLocalStoragePointer
                0x0000000010004d24                pvTaskGetThreadLocalStoragePointer
                0x0000000010004d44                xTaskGetCurrentTaskHandle
                0x0000000010004d50                xTaskGetSchedulerState
                0x0000000010004d70                uxTaskResetEventItemValue
                0x0000000010004d88                ulTaskGenericNotifyTake
                0x0000000010004e14                xTaskGenericNotifyWait
                0x0000000010004eb4                xTaskGenericNotify
                0x0000000010004fbc                xTaskGenericNotifyFromISR
                0x0000000010005100                vTaskGenericNotifyGiveFromISR
                0x00000000100051dc                xTaskGenericNotifyStateClear
                0x0000000010005214                ulTaskGenericNotifyValueClear
 .text          0x0000000010005244      0x47c libFreeRTOS.a(timers.c.obj)
                0x000000001000554a                xTimerCreateTimerTask
                0x0000000010005588                xTimerCreate
                0x00000000100055bc                xTimerGenericCommand
                0x0000000010005614                xTimerGetTimerDaemonTaskHandle
                0x0000000010005620                xTimerGetPeriod
                0x0000000010005624                vTimerSetReloadMode
                0x000000001000564e                xTimerGetReloadMode
                0x000000001000566c                uxTimerGetReloadMode
                0x0000000010005674                xTimerGetExpiryTime
                0x0000000010005678                pcTimerGetName
                0x000000001000567c                xTimerIsTimerActive
                0x000000001000569a                pvTimerGetTimerID
                0x00000000100056ac                vTimerSetTimerID
 .text          0x00000000100056c0      0x18c libFreeRTOS.a(port.c.obj)
                0x0000000010005704                pxPortInitialiseStack
                0x0000000010005724                isr_svcall
                0x0000000010005726                vPortEndScheduler
                0x0000000010005728                vPortYield
                0x0000000010005740                vPortEnterCritical
                0x0000000010005758                vPortExitCritical
                0x000000001000576c                ulSetInterruptMaskFromISR
                0x0000000010005774                vClearInterruptMaskFromISR
                0x000000001000577a                isr_pendsv
                0x00000000100057c4                isr_systick
                0x00000000100057e8                vPortSetupTimerInterrupt
                0x0000000010005810                xPortStartScheduler
 .text          0x000000001000584c      0x278 libFreeRTOS.a(heap_4.c.obj)
                0x00000000100058e4                pvPortMalloc
                0x00000000100059a0                vPortFree
                0x00000000100059e4                xPortGetFreeHeapSize
                0x00000000100059f0                xPortGetMinimumEverFreeHeapSize
                0x00000000100059fc                vPortInitialiseBlocks
                0x00000000100059fe                pvPortCalloc
                0x0000000010005a5a                vPortGetHeapStats
 .text          0x0000000010005ac4       0x86 libFreeRTOS.a(list.c.obj)
                0x0000000010005ac4                vListInitialise
                0x0000000010005ada                vListInitialiseItem
                0x0000000010005ae0                vListInsertEnd
                0x0000000010005af6                vListInsert
                0x0000000010005b24                uxListRemove
 *fill*         0x0000000010005b4a        0x2 
 .text          0x0000000010005b4c      0x910 libFreeRTOS.a(queue.c.obj)
                0x0000000010005c7c                xQueueGenericReset
                0x0000000010005d50                xQueueGenericCreate
                0x0000000010005dce                xQueueGenericSend
                0x0000000010005ec0                xQueueGenericSendFromISR
                0x0000000010005f46                xQueueGiveFromISR
                0x0000000010005fb6                xQueueReceive
                0x00000000100060a4                xQueueSemaphoreTake
                0x0000000010006188                xQueuePeek
                0x0000000010006276                xQueueReceiveFromISR
                0x00000000100062f4                xQueuePeekFromISR
                0x0000000010006322                uxQueueMessagesWaiting
                0x0000000010006334                uxQueueSpacesAvailable
                0x000000001000634a                uxQueueMessagesWaitingFromISR
                0x000000001000634e                xQueueIsQueueEmptyFromISR
                0x000000001000635c                xQueueIsQueueFullFromISR
                0x000000001000636c                vQueueAddToRegistry
                0x00000000100063b0                pcQueueGetName
                0x00000000100063d4                vQueueUnregisterQueue
                0x00000000100063fc                vQueueDelete
                0x000000001000640c                vQueueWaitForMessageRestricted
 .text          0x000000001000645c       0x5c /usr/lib/gcc/arm-none-eabi/10.3.1/../../../arm-none-eabi/lib/thumb/v6-m/nofp/libg.a(lib_a-strlen-stub.o)
                0x000000001000645c                strlen
 *(.fini)
 .fini          0x00000000100064b8        0x4 /usr/lib/gcc/arm-none-eabi/10.3.1/thumb/v6-m/nofp/crti.o
                0x00000000100064b8                _fini
 *fill*         0x00000000100064bc        0x4 
 .fini.__stub   0x00000000100064c0       0x50 linker stubs
 *crtbegin.o(.ctors)
 *crtbegin?.o(.ctors)
 *(EXCLUDE_FILE(*crtend.o *crtend?.o) .ctors)
 *(SORT_BY_NAME(.ctors.*))
 *(.ctors)
 *crtbegin.o(.dtors)
 *crtbegin?.o(.dtors)
 *(EXCLUDE_FILE(*crtend.o *crtend?.o) .dtors)
 *(SORT_BY_NAME(.dtors.*))
 *(.dtors)
 *(.eh_frame*)
 .eh_frame      0x0000000010006510        0x0 /usr/lib/gcc/arm-none-eabi/10.3.1/thumb/v6-m/nofp/crtbegin.o
                0x0000000010006510                . = ALIGN (0x4)

.glue_7         0x0000000010006510        0x0
 .glue_7        0x0000000010006510        0x0 linker stubs

.glue_7t        0x0000000010006510        0x0
 .glue_7t       0x0000000010006510        0x0 linker stubs

.vfp11_veneer   0x0000000010006510        0x0
 .vfp11_veneer  0x0000000010006510        0x0 linker stubs

.v4_bx          0x0000000010006510        0x0
 .v4_bx         0x0000000010006510        0x0 linker stubs

.iplt           0x0000000010006510        0x0
 .iplt          0x0000000010006510        0x0 /usr/lib/gcc/arm-none-eabi/10.3.1/thumb/v6-m/nofp/crtbegin.o

.rodata         0x0000000010006510      0xe94
 *(EXCLUDE_FILE(*libm.a: *libc.a:*lib_a-mem*.o *libgcc.a:) .rodata*)
 .rodata.main.str1.4
                0x0000000010006510        0xa CMakeFiles/blink.dir/src/main.c.obj
 *fill*         0x000000001000651a        0x2 
 .rodata.make_branch.str1.4
                0x000000001000651c       0x6e CMakeFiles/blink.dir/home/michael/pico/pico-sdk/src/rp2_common/hardware_irq/irq.c.obj
 *fill*         0x000000001000658a        0x2 
 .rodata.insert_branch_and_link.str1.4
                0x000000001000658c       0x10 CMakeFiles/blink.dir/home/michael/pico/pico-sdk/src/rp2_common/hardware_irq/irq.c.obj
 .rodata.irq_set_exclusive_handler.str1.4
                0x000000001000659c       0x36 CMakeFiles/blink.dir/home/michael/pico/pico-sdk/src/rp2_common/hardware_irq/irq.c.obj
 *fill*         0x00000000100065d2        0x2 
 .rodata.irq_add_shared_handler.str1.4
                0x00000000100065d4       0xd9 CMakeFiles/blink.dir/home/michael/pico/pico-sdk/src/rp2_common/hardware_irq/irq.c.obj
 *fill*         0x00000000100066ad        0x3 
 .rodata.irq_remove_handler.str1.4
                0x00000000100066b0       0x2a CMakeFiles/blink.dir/home/michael/pico/pico-sdk/src/rp2_common/hardware_irq/irq.c.obj
 *fill*         0x00000000100066da        0x2 
 .rodata.irq_add_tail_to_free_list.str1.4
                0x00000000100066dc       0x3a CMakeFiles/blink.dir/home/michael/pico/pico-sdk/src/rp2_common/hardware_irq/irq.c.obj
 *fill*         0x0000000010006716        0x2 
 .rodata.__func__.0
                0x0000000010006718       0x1a CMakeFiles/blink.dir/home/michael/pico/pico-sdk/src/rp2_common/hardware_irq/irq.c.obj
 *fill*         0x0000000010006732        0x2 
 .rodata.__func__.1
                0x0000000010006734       0x17 CMakeFiles/blink.dir/home/michael/pico/pico-sdk/src/rp2_common/hardware_irq/irq.c.obj
 *fill*         0x000000001000674b        0x1 
 .rodata.__func__.2
                0x000000001000674c       0x13 CMakeFiles/blink.dir/home/michael/pico/pico-sdk/src/rp2_common/hardware_irq/irq.c.obj
 *fill*         0x000000001000675f        0x1 
 .rodata.__func__.3
                0x0000000010006760        0xc CMakeFiles/blink.dir/home/michael/pico/pico-sdk/src/rp2_common/hardware_irq/irq.c.obj
 .rodata.__func__.4
                0x000000001000676c        0xf CMakeFiles/blink.dir/home/michael/pico/pico-sdk/src/rp2_common/hardware_irq/irq.c.obj
 *fill*         0x000000001000677b        0x1 
 .rodata.__func__.6
                0x000000001000677c       0x1a CMakeFiles/blink.dir/home/michael/pico/pico-sdk/src/rp2_common/hardware_irq/irq.c.obj
 *fill*         0x0000000010006796        0x2 
 .rodata.repeating_timer_callback.str1.4
                0x0000000010006798       0x4c CMakeFiles/blink.dir/home/michael/pico/pico-sdk/src/common/pico_time/time.c.obj
 .rodata.alarm_pool_dump_key.str1.4
                0x00000000100067e4       0x33 CMakeFiles/blink.dir/home/michael/pico/pico-sdk/src/common/pico_time/time.c.obj
 *fill*         0x0000000010006817        0x1 
 .rodata.ph_add_child_node.str1.4
                0x0000000010006818       0x96 CMakeFiles/blink.dir/home/michael/pico/pico-sdk/src/common/pico_time/time.c.obj
 *fill*         0x00000000100068ae        0x2 
 .rodata.add_alarm_under_lock.str1.4
                0x00000000100068b0       0x28 CMakeFiles/blink.dir/home/michael/pico/pico-sdk/src/common/pico_time/time.c.obj
                                         0x2b (size before relaxing)
 .rodata.alarm_pool_alarm_callback.str1.4
                0x00000000100068d8       0xe6 CMakeFiles/blink.dir/home/michael/pico/pico-sdk/src/common/pico_time/time.c.obj
 *fill*         0x00000000100069be        0x2 
 .rodata.__func__.10
                0x00000000100069c0       0x15 CMakeFiles/blink.dir/home/michael/pico/pico-sdk/src/common/pico_time/time.c.obj
 *fill*         0x00000000100069d5        0x3 
 .rodata.__func__.11
                0x00000000100069d8       0x1a CMakeFiles/blink.dir/home/michael/pico/pico-sdk/src/common/pico_time/time.c.obj
 *fill*         0x00000000100069f2        0x2 
 .rodata.__func__.12
                0x00000000100069f4        0xa CMakeFiles/blink.dir/home/michael/pico/pico-sdk/src/common/pico_time/time.c.obj
 *fill*         0x00000000100069fe        0x2 
 .rodata.__func__.4
                0x0000000010006a00       0x12 CMakeFiles/blink.dir/home/michael/pico/pico-sdk/src/common/pico_time/time.c.obj
 *fill*         0x0000000010006a12        0x2 
 .rodata.__func__.5
                0x0000000010006a14        0xd CMakeFiles/blink.dir/home/michael/pico/pico-sdk/src/common/pico_time/time.c.obj
 *fill*         0x0000000010006a21        0x3 
 .rodata.__func__.6
                0x0000000010006a24       0x12 CMakeFiles/blink.dir/home/michael/pico/pico-sdk/src/common/pico_time/time.c.obj
 *fill*         0x0000000010006a36        0x2 
 .rodata.__func__.7
                0x0000000010006a38        0xf CMakeFiles/blink.dir/home/michael/pico/pico-sdk/src/common/pico_time/time.c.obj
 *fill*         0x0000000010006a47        0x1 
 .rodata.__func__.8
                0x0000000010006a48        0xc CMakeFiles/blink.dir/home/michael/pico/pico-sdk/src/common/pico_time/time.c.obj
 .rodata.__func__.9
                0x0000000010006a54       0x15 CMakeFiles/blink.dir/home/michael/pico/pico-sdk/src/common/pico_time/time.c.obj
 *fill*         0x0000000010006a69        0x3 
 .rodata.hardware_alarm_claim.str1.4
                0x0000000010006a6c       0x22 CMakeFiles/blink.dir/home/michael/pico/pico-sdk/src/rp2_common/hardware_timer/timer.c.obj
 *fill*         0x0000000010006a8e        0x2 
 .rodata.hardware_alarm_set_target.str1.4
                0x0000000010006a90       0x66 CMakeFiles/blink.dir/home/michael/pico/pico-sdk/src/rp2_common/hardware_timer/timer.c.obj
 *fill*         0x0000000010006af6        0x2 
 .rodata.__func__.0
                0x0000000010006af8       0x1a CMakeFiles/blink.dir/home/michael/pico/pico-sdk/src/rp2_common/hardware_timer/timer.c.obj
 .rodata.ph_add_child_node.str1.4
                0x0000000010006b12       0x96 CMakeFiles/blink.dir/home/michael/pico/pico-sdk/src/common/pico_util/pheap.c.obj
 *fill*         0x0000000010006b12        0x2 
 .rodata.ph_remove_any_head.str1.4
                0x0000000010006b14       0x90 CMakeFiles/blink.dir/home/michael/pico/pico-sdk/src/common/pico_util/pheap.c.obj
 .rodata.ph_remove_and_free_node.str1.4
                0x0000000010006ba4       0x1e CMakeFiles/blink.dir/home/michael/pico/pico-sdk/src/common/pico_util/pheap.c.obj
                                         0x26 (size before relaxing)
 *fill*         0x0000000010006bc2        0x2 
 .rodata.__func__.0
                0x0000000010006bc4       0x18 CMakeFiles/blink.dir/home/michael/pico/pico-sdk/src/common/pico_util/pheap.c.obj
 .rodata.__func__.1
                0x0000000010006bdc       0x13 CMakeFiles/blink.dir/home/michael/pico/pico-sdk/src/common/pico_util/pheap.c.obj
 *fill*         0x0000000010006bef        0x1 
 .rodata.__func__.2
                0x0000000010006bf0       0x12 CMakeFiles/blink.dir/home/michael/pico/pico-sdk/src/common/pico_util/pheap.c.obj
 *fill*         0x0000000010006c02        0x2 
 .rodata.__func__.3
                0x0000000010006c04        0xc CMakeFiles/blink.dir/home/michael/pico/pico-sdk/src/common/pico_util/pheap.c.obj
 .rodata.str1.4
                0x0000000010006c10       0x8d CMakeFiles/blink.dir/home/michael/pico/pico-sdk/src/common/pico_sync/mutex.c.obj
                                         0xf1 (size before relaxing)
 *fill*         0x0000000010006c9d        0x3 
 .rodata.__func__.1
                0x0000000010006ca0        0xb CMakeFiles/blink.dir/home/michael/pico/pico-sdk/src/common/pico_sync/mutex.c.obj
 *fill*         0x0000000010006cab        0x1 
 .rodata.__assert_func.str1.4
                0x0000000010006cac       0x3f CMakeFiles/blink.dir/home/michael/pico/pico-sdk/src/rp2_common/pico_runtime/runtime.c.obj
                                         0x43 (size before relaxing)
 *fill*         0x0000000010006ceb        0x1 
 .rodata.runtime_init.str1.4
                0x0000000010006cec       0x62 CMakeFiles/blink.dir/home/michael/pico/pico-sdk/src/rp2_common/pico_runtime/runtime.c.obj
 *fill*         0x0000000010006d4e        0x2 
 .rodata.panic.str1.4
                0x0000000010006d50       0x12 CMakeFiles/blink.dir/home/michael/pico/pico-sdk/src/rp2_common/pico_runtime/runtime.c.obj
 *fill*         0x0000000010006d62        0x2 
 .rodata.__func__.1
                0x0000000010006d64        0xd CMakeFiles/blink.dir/home/michael/pico/pico-sdk/src/rp2_common/pico_runtime/runtime.c.obj
 *fill*         0x0000000010006d71        0x3 
 .rodata.clock_configure.str1.4
                0x0000000010006d74       0x58 CMakeFiles/blink.dir/home/michael/pico/pico-sdk/src/rp2_common/hardware_clocks/clocks.c.obj
 .rodata.__func__.1
                0x0000000010006dcc       0x10 CMakeFiles/blink.dir/home/michael/pico/pico-sdk/src/rp2_common/hardware_clocks/clocks.c.obj
 .rodata.pll_init.str1.4
                0x0000000010006ddc      0x13b CMakeFiles/blink.dir/home/michael/pico/pico-sdk/src/rp2_common/hardware_pll/pll.c.obj
 *fill*         0x0000000010006f17        0x1 
 .rodata.__func__.0
                0x0000000010006f18        0x9 CMakeFiles/blink.dir/home/michael/pico/pico-sdk/src/rp2_common/hardware_pll/pll.c.obj
 *fill*         0x0000000010006f21        0x3 
 .rodata._ftoa.str1.4
                0x0000000010006f24       0x15 CMakeFiles/blink.dir/home/michael/pico/pico-sdk/src/rp2_common/pico_printf/printf.c.obj
 *fill*         0x0000000010006f39        0x3 
 .rodata._vsnprintf
                0x0000000010006f3c      0x1e0 CMakeFiles/blink.dir/home/michael/pico/pico-sdk/src/rp2_common/pico_printf/printf.c.obj
 *fill*         0x000000001000711c        0x4 
 .rodata.pow10.0
                0x0000000010007120       0x50 CMakeFiles/blink.dir/home/michael/pico/pico-sdk/src/rp2_common/pico_printf/printf.c.obj
 .rodata.__aeabi_double_init.str1.4
                0x0000000010007170       0xa9 CMakeFiles/blink.dir/home/michael/pico/pico-sdk/src/rp2_common/pico_double/double_init_rom.c.obj
 *fill*         0x0000000010007219        0x3 
 .rodata.__func__.0
                0x000000001000721c       0x14 CMakeFiles/blink.dir/home/michael/pico/pico-sdk/src/rp2_common/pico_double/double_init_rom.c.obj
 .rodata.__aeabi_float_init.str1.4
                0x0000000010007230       0x7b CMakeFiles/blink.dir/home/michael/pico/pico-sdk/src/rp2_common/pico_float/float_init_rom.c.obj
                                         0x7f (size before relaxing)
 *fill*         0x00000000100072ab        0x1 
 .rodata.__func__.0
                0x00000000100072ac       0x13 CMakeFiles/blink.dir/home/michael/pico/pico-sdk/src/rp2_common/pico_float/float_init_rom.c.obj
 *fill*         0x00000000100072bf        0x1 
 .rodata.str1.4
                0x00000000100072c0       0x3c CMakeFiles/blink.dir/home/michael/pico/pico-sdk/src/rp2_common/pico_standard_link/binary_info.c.obj
 .rodata.__bi_44
                0x00000000100072fc        0xc CMakeFiles/blink.dir/home/michael/pico/pico-sdk/src/rp2_common/pico_standard_link/binary_info.c.obj
 .rodata.__bi_75
                0x0000000010007308        0xc CMakeFiles/blink.dir/home/michael/pico/pico-sdk/src/rp2_common/pico_standard_link/binary_info.c.obj
 .rodata.__bi_81
                0x0000000010007314        0xc CMakeFiles/blink.dir/home/michael/pico/pico-sdk/src/rp2_common/pico_standard_link/binary_info.c.obj
 .rodata.crlf_str.3
                0x0000000010007320        0x2 CMakeFiles/blink.dir/home/michael/pico/pico-sdk/src/rp2_common/pico_stdio/stdio.c.obj
 *fill*         0x0000000010007322        0x2 
 .rodata.str1.4
                0x0000000010007324       0x2c CMakeFiles/blink.dir/home/michael/pico/pico-sdk/src/rp2_common/pico_stdio_uart/stdio_uart.c.obj
 .rodata.__bi_28.4
                0x0000000010007350        0xc CMakeFiles/blink.dir/home/michael/pico/pico-sdk/src/rp2_common/pico_stdio_uart/stdio_uart.c.obj
 .rodata.__bi_29.5
                0x000000001000735c        0x8 CMakeFiles/blink.dir/home/michael/pico/pico-sdk/src/rp2_common/pico_stdio_uart/stdio_uart.c.obj
 .rodata.str1.4
                0x0000000010007364        0x5 libFreeRTOS.a(tasks.c.obj)
 *fill*         0x0000000010007369        0x3 
 .rodata        0x000000001000736c       0x28 libFreeRTOS.a(timers.c.obj)
 .rodata.str1.4
                0x0000000010007394       0x10 libFreeRTOS.a(timers.c.obj)
                0x00000000100073a4                . = ALIGN (0x4)
 *(SORT_BY_ALIGNMENT(SORT_BY_NAME(.flashdata*)))
                0x00000000100073a4                . = ALIGN (0x4)

.rel.dyn        0x00000000100073a4        0x0
 .rel.iplt      0x00000000100073a4        0x0 /usr/lib/gcc/arm-none-eabi/10.3.1/thumb/v6-m/nofp/crtbegin.o

.ARM.extab
 *(.ARM.extab* .gnu.linkonce.armextab.*)
                0x00000000100073a4                __exidx_start = .

.ARM.exidx
 *(.ARM.exidx* .gnu.linkonce.armexidx.*)
                0x00000000100073a4                __exidx_end = .
                0x00000000100073a4                . = ALIGN (0x4)
                0x00000000100073a4                __binary_info_start = .

.binary_info    0x00000000100073a4       0x24
 *(.binary_info.keep.*)
 .binary_info.keep.__bi_ptr22
                0x00000000100073a4        0x4 CMakeFiles/blink.dir/home/michael/pico/pico-sdk/src/rp2_common/pico_standard_link/binary_info.c.obj
 .binary_info.keep.__bi_ptr30
                0x00000000100073a8        0x4 CMakeFiles/blink.dir/home/michael/pico/pico-sdk/src/rp2_common/pico_standard_link/binary_info.c.obj
 .binary_info.keep.__bi_ptr38
                0x00000000100073ac        0x4 CMakeFiles/blink.dir/home/michael/pico/pico-sdk/src/rp2_common/pico_standard_link/binary_info.c.obj
 .binary_info.keep.__bi_ptr44
                0x00000000100073b0        0x4 CMakeFiles/blink.dir/home/michael/pico/pico-sdk/src/rp2_common/pico_standard_link/binary_info.c.obj
 .binary_info.keep.__bi_ptr50
                0x00000000100073b4        0x4 CMakeFiles/blink.dir/home/michael/pico/pico-sdk/src/rp2_common/pico_standard_link/binary_info.c.obj
 .binary_info.keep.__bi_ptr75
                0x00000000100073b8        0x4 CMakeFiles/blink.dir/home/michael/pico/pico-sdk/src/rp2_common/pico_standard_link/binary_info.c.obj
 .binary_info.keep.__bi_ptr81
                0x00000000100073bc        0x4 CMakeFiles/blink.dir/home/michael/pico/pico-sdk/src/rp2_common/pico_standard_link/binary_info.c.obj
 *(.binary_info.*)
 .binary_info.__bi_ptr28
                0x00000000100073c0        0x4 CMakeFiles/blink.dir/home/michael/pico/pico-sdk/src/rp2_common/pico_stdio_uart/stdio_uart.c.obj
 .binary_info.__bi_ptr29
                0x00000000100073c4        0x4 CMakeFiles/blink.dir/home/michael/pico/pico-sdk/src/rp2_common/pico_stdio_uart/stdio_uart.c.obj
                0x00000000100073c8                __binary_info_end = .
                0x00000000100073c8                . = ALIGN (0x4)
                0x00000000100073c8                __etext = .

.ram_vector_table
                0x0000000020000000       0xc0
 *(.ram_vector_table)
 .ram_vector_table
                0x0000000020000000       0xc0 CMakeFiles/blink.dir/home/michael/pico/pico-sdk/src/rp2_common/pico_runtime/runtime.c.obj
                0x0000000020000000                ram_vector_table

.data           0x00000000200000c0      0x1c8 load address 0x00000000100073c8
                0x00000000200000c0                __data_start__ = .
 *(vtable)
 *(.time_critical*)
 .time_critical.mutex_enter_blocking
                0x00000000200000c0       0x48 CMakeFiles/blink.dir/home/michael/pico/pico-sdk/src/common/pico_sync/mutex.c.obj
                0x00000000200000c0                mutex_enter_blocking
 .time_critical.mutex_try_enter
                0x0000000020000108       0x46 CMakeFiles/blink.dir/home/michael/pico/pico-sdk/src/common/pico_sync/mutex.c.obj
                0x0000000020000108                mutex_try_enter
 *fill*         0x000000002000014e        0x2 
 .time_critical.mutex_exit
                0x0000000020000150       0x4c CMakeFiles/blink.dir/home/michael/pico/pico-sdk/src/common/pico_sync/mutex.c.obj
                0x0000000020000150                mutex_exit
 *(.text*)
 .text          0x000000002000019c        0x4 /usr/lib/gcc/arm-none-eabi/10.3.1/thumb/v6-m/nofp/libgcc.a(_dvmd_tls.o)
                0x000000002000019c                __aeabi_ldiv0
                0x000000002000019c                __aeabi_idiv0
 .text.__stub   0x00000000200001a0       0x10 linker stubs
                0x00000000200001b0                . = ALIGN (0x4)
 *(.rodata*)
                0x00000000200001b0                . = ALIGN (0x4)
 *(.data*)
 .data.striped_spin_lock_num
                0x00000000200001b0        0x1 CMakeFiles/blink.dir/home/michael/pico/pico-sdk/src/rp2_common/hardware_sync/sync.c.obj
 *fill*         0x00000000200001b1        0x3 
 .data          0x00000000200001b4       0x48 CMakeFiles/blink.dir/home/michael/pico/pico-sdk/src/rp2_common/hardware_irq/irq_handler_chain.S.obj
                0x00000000200001b4                irq_handler_chain_slots
                0x00000000200001e4                irq_handler_chain_first_slot
                0x00000000200001ee                irq_handler_chain_remove_tail
 .data.default_alarm_pool
                0x00000000200001fc       0x18 CMakeFiles/blink.dir/home/michael/pico/pico-sdk/src/common/pico_time/time.c.obj
 .data.default_alarm_pool_heap
                0x0000000020000214       0x10 CMakeFiles/blink.dir/home/michael/pico/pico-sdk/src/common/pico_time/time.c.obj
 *fill*         0x0000000020000224        0xc 
 .data.aeabi_bits_funcs
                0x0000000020000230       0x10 CMakeFiles/blink.dir/home/michael/pico/pico-sdk/src/rp2_common/pico_bit_ops/bit_ops_aeabi.S.obj
                0x0000000020000230                aeabi_bits_funcs
                0x0000000020000240                aeabi_bits_funcs_end
 .data.aeabi_mem_funcs
                0x0000000020000240       0x10 CMakeFiles/blink.dir/home/michael/pico/pico-sdk/src/rp2_common/pico_mem_ops/mem_ops_aeabi.S.obj
                0x0000000020000240                aeabi_mem_funcs
                0x0000000020000250                aeabi_mem_funcs_end
 .data.stdio_uart
                0x0000000020000250       0x14 CMakeFiles/blink.dir/home/michael/pico/pico-sdk/src/rp2_common/pico_stdio_uart/stdio_uart.c.obj
                0x0000000020000250                stdio_uart
 .data          0x0000000020000264        0x4 libFreeRTOS.a(tasks.c.obj)
                0x0000000020000264                uxTopUsedPriority
 .data          0x0000000020000268        0x4 libFreeRTOS.a(port.c.obj)
                0x000000002000026c                . = ALIGN (0x4)
 *(.after_data.*)
                0x000000002000026c                . = ALIGN (0x4)
                0x000000002000026c                PROVIDE (__mutex_array_start = .)
 *(SORT_BY_NAME(.mutex_array.*))
 *(.mutex_array)
 .mutex_array   0x000000002000026c        0x8 CMakeFiles/blink.dir/home/michael/pico/pico-sdk/src/rp2_common/pico_stdio/stdio.c.obj
                0x0000000020000274                PROVIDE (__mutex_array_end = .)
                0x0000000020000274                . = ALIGN (0x4)
                0x0000000020000274                PROVIDE (__preinit_array_start = .)
 *(SORT_BY_NAME(.preinit_array.*))
 .preinit_array.00001
                0x0000000020000274        0x4 CMakeFiles/blink.dir/home/michael/pico/pico-sdk/src/rp2_common/pico_mem_ops/mem_ops_aeabi.S.obj
 .preinit_array.00010
                0x0000000020000278        0x4 CMakeFiles/blink.dir/home/michael/pico/pico-sdk/src/rp2_common/pico_bit_ops/bit_ops_aeabi.S.obj
 .preinit_array.00020
                0x000000002000027c        0x4 CMakeFiles/blink.dir/home/michael/pico/pico-sdk/src/rp2_common/pico_double/double_aeabi.S.obj
 .preinit_array.00020
                0x0000000020000280        0x4 CMakeFiles/blink.dir/home/michael/pico/pico-sdk/src/rp2_common/pico_float/float_aeabi.S.obj
 *(.preinit_array)
                0x0000000020000284                PROVIDE (__preinit_array_end = .)
                0x0000000020000284                . = ALIGN (0x4)
                0x0000000020000284                PROVIDE (__init_array_start = .)
 *(SORT_BY_NAME(.init_array.*))
 *(.init_array)
 .init_array    0x0000000020000284        0x4 /usr/lib/gcc/arm-none-eabi/10.3.1/thumb/v6-m/nofp/crtbegin.o
                0x0000000020000288                PROVIDE (__init_array_end = .)
                0x0000000020000288                . = ALIGN (0x4)
                0x0000000020000288                PROVIDE (__fini_array_start = .)
 *(SORT_BY_NAME(.fini_array.*))
 *(.fini_array)
                0x0000000020000288                PROVIDE (__fini_array_end = .)
 *(.jcr)
                0x0000000020000288                . = ALIGN (0x4)
                0x0000000020000288                __data_end__ = .

.tm_clone_table
                0x0000000020000288        0x0 load address 0x0000000010007590
 .tm_clone_table
                0x0000000020000288        0x0 /usr/lib/gcc/arm-none-eabi/10.3.1/thumb/v6-m/nofp/crtbegin.o
 .tm_clone_table
                0x0000000020000288        0x0 /usr/lib/gcc/arm-none-eabi/10.3.1/thumb/v6-m/nofp/crtend.o

.igot.plt       0x0000000020000288        0x0 load address 0x0000000010007590
 .igot.plt      0x0000000020000288        0x0 /usr/lib/gcc/arm-none-eabi/10.3.1/thumb/v6-m/nofp/crtbegin.o

.uninitialized_data
                0x0000000020000288        0x0 load address 0x0000000010007590
                0x0000000020000288                . = ALIGN (0x4)
 *(.uninitialized_data*)

.scratch_x      0x0000000020040000        0x0 load address 0x0000000010007590
                0x0000000020040000                __scratch_x_start__ = .
 *(.scratch_x.*)
                0x0000000020040000                . = ALIGN (0x4)
                0x0000000020040000                __scratch_x_end__ = .
                0x0000000010007590                __scratch_x_source__ = LOADADDR (.scratch_x)

.scratch_y      0x0000000020041000        0x0 load address 0x0000000010007590
                0x0000000020041000                __scratch_y_start__ = .
 *(.scratch_y.*)
                0x0000000020041000                . = ALIGN (0x4)
                0x0000000020041000                __scratch_y_end__ = .
                0x0000000010007590                __scratch_y_source__ = LOADADDR (.scratch_y)

.bss            0x0000000020000288     0xc8b8
                0x0000000020000288                . = ALIGN (0x4)
                0x0000000020000288                __bss_start__ = .
 *(SORT_BY_ALIGNMENT(SORT_BY_NAME(.bss*)))
 .bss.default_alarm_pool_entries
                0x0000000020000288      0x100 CMakeFiles/blink.dir/home/michael/pico/pico-sdk/src/common/pico_time/time.c.obj
 .bss           0x0000000020000388       0x1c /usr/lib/gcc/arm-none-eabi/10.3.1/thumb/v6-m/nofp/crtbegin.o
 .bss           0x00000000200003a4       0xf0 libFreeRTOS.a(tasks.c.obj)
                0x0000000020000468                pxCurrentTCB
 .bss           0x0000000020000494       0x3c libFreeRTOS.a(timers.c.obj)
 .bss           0x00000000200004d0     0xc36c libFreeRTOS.a(heap_4.c.obj)
 .bss           0x000000002000c83c       0x50 libFreeRTOS.a(queue.c.obj)
                0x000000002000c83c                xQueueRegistry
 .bss.alarm_callbacks
                0x000000002000c88c       0x10 CMakeFiles/blink.dir/home/michael/pico/pico-sdk/src/rp2_common/hardware_timer/timer.c.obj
 .bss.configured_freq
                0x000000002000c89c       0x28 CMakeFiles/blink.dir/home/michael/pico/pico-sdk/src/rp2_common/hardware_clocks/clocks.c.obj
 .bss.default_alarm_pool_entry_ids_high
                0x000000002000c8c4       0x10 CMakeFiles/blink.dir/home/michael/pico/pico-sdk/src/common/pico_time/time.c.obj
 .bss.default_alarm_pool_heap_nodes
                0x000000002000c8d4       0x30 CMakeFiles/blink.dir/home/michael/pico/pico-sdk/src/common/pico_time/time.c.obj
 .bss.drivers   0x000000002000c904        0x4 CMakeFiles/blink.dir/home/michael/pico/pico-sdk/src/rp2_common/pico_stdio/stdio.c.obj
 .bss.filter    0x000000002000c908        0x4 CMakeFiles/blink.dir/home/michael/pico/pico-sdk/src/rp2_common/pico_stdio/stdio.c.obj
 .bss.pools     0x000000002000c90c       0x10 CMakeFiles/blink.dir/home/michael/pico/pico-sdk/src/common/pico_time/time.c.obj
 .bss.sd_table  0x000000002000c91c      0x100 CMakeFiles/blink.dir/home/michael/pico/pico-sdk/src/rp2_common/pico_double/double_init_rom.c.obj
                0x000000002000c91c                sd_table
 .bss.sf_clz_func
                0x000000002000ca1c        0x4 CMakeFiles/blink.dir/home/michael/pico/pico-sdk/src/rp2_common/pico_double/double_init_rom.c.obj
                0x000000002000ca1c                sf_clz_func
 .bss.sf_table  0x000000002000ca20      0x100 CMakeFiles/blink.dir/home/michael/pico/pico-sdk/src/rp2_common/pico_float/float_init_rom.c.obj
                0x000000002000ca20                sf_table
 .bss.sleep_notifier
                0x000000002000cb20        0x4 CMakeFiles/blink.dir/home/michael/pico/pico-sdk/src/common/pico_time/time.c.obj
 .bss.target_hi
                0x000000002000cb24       0x10 CMakeFiles/blink.dir/home/michael/pico/pico-sdk/src/rp2_common/hardware_timer/timer.c.obj
 .bss.uart_char_to_line_feed
                0x000000002000cb34        0x4 CMakeFiles/blink.dir/home/michael/pico/pico-sdk/src/rp2_common/hardware_uart/uart.c.obj
                0x000000002000cb34                uart_char_to_line_feed
 .bss.uart_instance
                0x000000002000cb38        0x4 CMakeFiles/blink.dir/home/michael/pico/pico-sdk/src/rp2_common/pico_stdio_uart/stdio_uart.c.obj
 .bss.claimed   0x000000002000cb3c        0x1 CMakeFiles/blink.dir/home/michael/pico/pico-sdk/src/rp2_common/hardware_timer/timer.c.obj
 .bss.irq_hander_chain_free_slot_head
                0x000000002000cb3d        0x1 CMakeFiles/blink.dir/home/michael/pico/pico-sdk/src/rp2_common/hardware_irq/irq.c.obj
 .bss.timer_callbacks_pending
                0x000000002000cb3e        0x1 CMakeFiles/blink.dir/home/michael/pico/pico-sdk/src/rp2_common/hardware_timer/timer.c.obj
 *(COMMON)
                0x000000002000cb40                . = ALIGN (0x4)
 *fill*         0x000000002000cb3f        0x1 
                0x000000002000cb40                __bss_end__ = .

.heap           0x000000002000cb40      0x800
                0x000000002000cb40                __end__ = .
                0x000000002000cb40                end = __end__
 *(.heap*)
 .heap          0x000000002000cb40      0x800 CMakeFiles/blink.dir/home/michael/pico/pico-sdk/src/rp2_common/pico_standard_link/crt0.S.obj
                0x000000002000d340                __HeapLimit = .

.stack1_dummy   0x0000000020040000        0x0
 *(.stack1*)

.stack_dummy    0x0000000020041000      0x800
 *(.stack*)
 .stack         0x0000000020041000      0x800 CMakeFiles/blink.dir/home/michael/pico/pico-sdk/src/rp2_common/pico_standard_link/crt0.S.obj

.flash_end      0x0000000010007590        0x0
                0x0000000010007590                __flash_binary_end = .
                0x0000000020040000                __StackLimit = (ORIGIN (RAM) + LENGTH (RAM))
                0x0000000020041000                __StackOneTop = (ORIGIN (SCRATCH_X) + LENGTH (SCRATCH_X))
                0x0000000020042000                __StackTop = (ORIGIN (SCRATCH_Y) + LENGTH (SCRATCH_Y))
                0x0000000020041000                __StackOneBottom = (__StackOneTop - SIZEOF (.stack1_dummy))
                0x0000000020041800                __StackBottom = (__StackTop - SIZEOF (.stack_dummy))
                0x0000000020042000                PROVIDE (__stack = __StackTop)
                0x0000000000000001                ASSERT ((__StackLimit >= __HeapLimit), region RAM overflowed)
                0x0000000000000001                ASSERT (((__binary_info_header_end - __logical_binary_start) <= 0x100), Binary info must be in first 256 bytes of the binary)
LOAD CMakeFiles/blink.dir/src/main.c.obj
LOAD CMakeFiles/blink.dir/home/michael/pico/pico-sdk/src/rp2_common/pico_stdlib/stdlib.c.obj
LOAD CMakeFiles/blink.dir/home/michael/pico/pico-sdk/src/rp2_common/hardware_gpio/gpio.c.obj
LOAD CMakeFiles/blink.dir/home/michael/pico/pico-sdk/src/rp2_common/hardware_claim/claim.c.obj
LOAD CMakeFiles/blink.dir/home/michael/pico/pico-sdk/src/rp2_common/pico_platform/platform.c.obj
LOAD CMakeFiles/blink.dir/home/michael/pico/pico-sdk/src/rp2_common/hardware_sync/sync.c.obj
LOAD CMakeFiles/blink.dir/home/michael/pico/pico-sdk/src/rp2_common/hardware_irq/irq.c.obj
LOAD CMakeFiles/blink.dir/home/michael/pico/pico-sdk/src/rp2_common/hardware_irq/irq_handler_chain.S.obj
LOAD CMakeFiles/blink.dir/home/michael/pico/pico-sdk/src/common/pico_sync/sem.c.obj
LOAD CMakeFiles/blink.dir/home/michael/pico/pico-sdk/src/common/pico_sync/lock_core.c.obj
LOAD CMakeFiles/blink.dir/home/michael/pico/pico-sdk/src/common/pico_time/time.c.obj
LOAD CMakeFiles/blink.dir/home/michael/pico/pico-sdk/src/common/pico_time/timeout_helper.c.obj
LOAD CMakeFiles/blink.dir/home/michael/pico/pico-sdk/src/rp2_common/hardware_timer/timer.c.obj
LOAD CMakeFiles/blink.dir/home/michael/pico/pico-sdk/src/common/pico_util/datetime.c.obj
LOAD CMakeFiles/blink.dir/home/michael/pico/pico-sdk/src/common/pico_util/pheap.c.obj
LOAD CMakeFiles/blink.dir/home/michael/pico/pico-sdk/src/common/pico_util/queue.c.obj
LOAD CMakeFiles/blink.dir/home/michael/pico/pico-sdk/src/common/pico_sync/mutex.c.obj
LOAD CMakeFiles/blink.dir/home/michael/pico/pico-sdk/src/common/pico_sync/critical_section.c.obj
LOAD CMakeFiles/blink.dir/home/michael/pico/pico-sdk/src/rp2_common/hardware_uart/uart.c.obj
LOAD CMakeFiles/blink.dir/home/michael/pico/pico-sdk/src/rp2_common/hardware_divider/divider.S.obj
LOAD CMakeFiles/blink.dir/home/michael/pico/pico-sdk/src/rp2_common/pico_runtime/runtime.c.obj
LOAD CMakeFiles/blink.dir/home/michael/pico/pico-sdk/src/rp2_common/hardware_clocks/clocks.c.obj
LOAD CMakeFiles/blink.dir/home/michael/pico/pico-sdk/src/rp2_common/hardware_pll/pll.c.obj
LOAD CMakeFiles/blink.dir/home/michael/pico/pico-sdk/src/rp2_common/hardware_vreg/vreg.c.obj
LOAD CMakeFiles/blink.dir/home/michael/pico/pico-sdk/src/rp2_common/hardware_watchdog/watchdog.c.obj
LOAD CMakeFiles/blink.dir/home/michael/pico/pico-sdk/src/rp2_common/hardware_xosc/xosc.c.obj
LOAD CMakeFiles/blink.dir/home/michael/pico/pico-sdk/src/rp2_common/pico_printf/printf.c.obj
LOAD CMakeFiles/blink.dir/home/michael/pico/pico-sdk/src/rp2_common/pico_bit_ops/bit_ops_aeabi.S.obj
LOAD CMakeFiles/blink.dir/home/michael/pico/pico-sdk/src/rp2_common/pico_bootrom/bootrom.c.obj
LOAD CMakeFiles/blink.dir/home/michael/pico/pico-sdk/src/rp2_common/pico_divider/divider.S.obj
LOAD CMakeFiles/blink.dir/home/michael/pico/pico-sdk/src/rp2_common/pico_double/double_aeabi.S.obj
LOAD CMakeFiles/blink.dir/home/michael/pico/pico-sdk/src/rp2_common/pico_double/double_init_rom.c.obj
LOAD CMakeFiles/blink.dir/home/michael/pico/pico-sdk/src/rp2_common/pico_double/double_math.c.obj
LOAD CMakeFiles/blink.dir/home/michael/pico/pico-sdk/src/rp2_common/pico_double/double_v1_rom_shim.S.obj
LOAD CMakeFiles/blink.dir/home/michael/pico/pico-sdk/src/rp2_common/pico_int64_ops/pico_int64_ops_aeabi.S.obj
LOAD CMakeFiles/blink.dir/home/michael/pico/pico-sdk/src/rp2_common/pico_float/float_aeabi.S.obj
LOAD CMakeFiles/blink.dir/home/michael/pico/pico-sdk/src/rp2_common/pico_float/float_init_rom.c.obj
LOAD CMakeFiles/blink.dir/home/michael/pico/pico-sdk/src/rp2_common/pico_float/float_math.c.obj
LOAD CMakeFiles/blink.dir/home/michael/pico/pico-sdk/src/rp2_common/pico_float/float_v1_rom_shim.S.obj
LOAD CMakeFiles/blink.dir/home/michael/pico/pico-sdk/src/rp2_common/pico_malloc/pico_malloc.c.obj
LOAD CMakeFiles/blink.dir/home/michael/pico/pico-sdk/src/rp2_common/pico_mem_ops/mem_ops_aeabi.S.obj
LOAD CMakeFiles/blink.dir/home/michael/pico/pico-sdk/src/rp2_common/pico_standard_link/crt0.S.obj
LOAD CMakeFiles/blink.dir/home/michael/pico/pico-sdk/src/rp2_common/pico_standard_link/new_delete.cpp.obj
LOAD CMakeFiles/blink.dir/home/michael/pico/pico-sdk/src/rp2_common/pico_standard_link/binary_info.c.obj
LOAD CMakeFiles/blink.dir/home/michael/pico/pico-sdk/src/rp2_common/pico_stdio/stdio.c.obj
LOAD CMakeFiles/blink.dir/home/michael/pico/pico-sdk/src/rp2_common/pico_stdio_uart/stdio_uart.c.obj
LOAD libFreeRTOS.a
LOAD /tmp/ccT3vqNu.o
LOAD /usr/lib/gcc/arm-none-eabi/10.3.1/../../../arm-none-eabi/lib/thumb/v6-m/nofp/libstdc++.a
LOAD /usr/lib/gcc/arm-none-eabi/10.3.1/../../../arm-none-eabi/lib/thumb/v6-m/nofp/libm.a
START GROUP
LOAD /usr/lib/gcc/arm-none-eabi/10.3.1/thumb/v6-m/nofp/libgcc.a
LOAD /usr/lib/gcc/arm-none-eabi/10.3.1/../../../arm-none-eabi/lib/thumb/v6-m/nofp/libg.a
LOAD /usr/lib/gcc/arm-none-eabi/10.3.1/../../../arm-none-eabi/lib/thumb/v6-m/nofp/libc.a
END GROUP
START GROUP
LOAD /usr/lib/gcc/arm-none-eabi/10.3.1/thumb/v6-m/nofp/libgcc.a
LOAD /usr/lib/gcc/arm-none-eabi/10.3.1/../../../arm-none-eabi/lib/thumb/v6-m/nofp/libc.a
LOAD /usr/lib/gcc/arm-none-eabi/10.3.1/../../../arm-none-eabi/lib/thumb/v6-m/nofp/libnosys.a
END GROUP
LOAD /usr/lib/gcc/arm-none-eabi/10.3.1/thumb/v6-m/nofp/crtend.o
LOAD /usr/lib/gcc/arm-none-eabi/10.3.1/thumb/v6-m/nofp/crtn.o
OUTPUT(blink.elf elf32-littlearm)
LOAD linker stubs

.ARM.attributes
                0x0000000000000000       0x28
 .ARM.attributes
                0x0000000000000000       0x1e /usr/lib/gcc/arm-none-eabi/10.3.1/thumb/v6-m/nofp/crti.o
 .ARM.attributes
                0x000000000000001e       0x2c /usr/lib/gcc/arm-none-eabi/10.3.1/thumb/v6-m/nofp/crtbegin.o
 .ARM.attributes
                0x000000000000004a       0x2c CMakeFiles/blink.dir/src/main.c.obj
 .ARM.attributes
                0x0000000000000076       0x2c CMakeFiles/blink.dir/home/michael/pico/pico-sdk/src/rp2_common/hardware_gpio/gpio.c.obj
 .ARM.attributes
                0x00000000000000a2       0x2c CMakeFiles/blink.dir/home/michael/pico/pico-sdk/src/rp2_common/hardware_claim/claim.c.obj
 .ARM.attributes
                0x00000000000000ce       0x2c CMakeFiles/blink.dir/home/michael/pico/pico-sdk/src/rp2_common/pico_platform/platform.c.obj
 .ARM.attributes
                0x00000000000000fa       0x2c CMakeFiles/blink.dir/home/michael/pico/pico-sdk/src/rp2_common/hardware_sync/sync.c.obj
 .ARM.attributes
                0x0000000000000126       0x2c CMakeFiles/blink.dir/home/michael/pico/pico-sdk/src/rp2_common/hardware_irq/irq.c.obj
 .ARM.attributes
                0x0000000000000152       0x22 CMakeFiles/blink.dir/home/michael/pico/pico-sdk/src/rp2_common/hardware_irq/irq_handler_chain.S.obj
 .ARM.attributes
                0x0000000000000174       0x2c CMakeFiles/blink.dir/home/michael/pico/pico-sdk/src/common/pico_sync/lock_core.c.obj
 .ARM.attributes
                0x00000000000001a0       0x2c CMakeFiles/blink.dir/home/michael/pico/pico-sdk/src/common/pico_time/time.c.obj
 .ARM.attributes
                0x00000000000001cc       0x2c CMakeFiles/blink.dir/home/michael/pico/pico-sdk/src/rp2_common/hardware_timer/timer.c.obj
 .ARM.attributes
                0x00000000000001f8       0x2c CMakeFiles/blink.dir/home/michael/pico/pico-sdk/src/common/pico_util/pheap.c.obj
 .ARM.attributes
                0x0000000000000224       0x2c CMakeFiles/blink.dir/home/michael/pico/pico-sdk/src/common/pico_sync/mutex.c.obj
 .ARM.attributes
                0x0000000000000250       0x2c CMakeFiles/blink.dir/home/michael/pico/pico-sdk/src/rp2_common/hardware_uart/uart.c.obj
 .ARM.attributes
                0x000000000000027c       0x2c CMakeFiles/blink.dir/home/michael/pico/pico-sdk/src/rp2_common/pico_runtime/runtime.c.obj
 .ARM.attributes
                0x00000000000002a8       0x2c CMakeFiles/blink.dir/home/michael/pico/pico-sdk/src/rp2_common/hardware_clocks/clocks.c.obj
 .ARM.attributes
                0x00000000000002d4       0x2c CMakeFiles/blink.dir/home/michael/pico/pico-sdk/src/rp2_common/hardware_pll/pll.c.obj
 .ARM.attributes
                0x0000000000000300       0x2c CMakeFiles/blink.dir/home/michael/pico/pico-sdk/src/rp2_common/hardware_watchdog/watchdog.c.obj
 .ARM.attributes
                0x000000000000032c       0x2c CMakeFiles/blink.dir/home/michael/pico/pico-sdk/src/rp2_common/hardware_xosc/xosc.c.obj
 .ARM.attributes
                0x0000000000000358       0x2c CMakeFiles/blink.dir/home/michael/pico/pico-sdk/src/rp2_common/pico_printf/printf.c.obj
 .ARM.attributes
                0x0000000000000384       0x22 CMakeFiles/blink.dir/home/michael/pico/pico-sdk/src/rp2_common/pico_bit_ops/bit_ops_aeabi.S.obj
 .ARM.attributes
                0x00000000000003a6       0x2c CMakeFiles/blink.dir/home/michael/pico/pico-sdk/src/rp2_common/pico_bootrom/bootrom.c.obj
 .ARM.attributes
                0x00000000000003d2       0x22 CMakeFiles/blink.dir/home/michael/pico/pico-sdk/src/rp2_common/pico_divider/divider.S.obj
 .ARM.attributes
                0x00000000000003f4       0x22 CMakeFiles/blink.dir/home/michael/pico/pico-sdk/src/rp2_common/pico_double/double_aeabi.S.obj
 .ARM.attributes
                0x0000000000000416       0x2c CMakeFiles/blink.dir/home/michael/pico/pico-sdk/src/rp2_common/pico_double/double_init_rom.c.obj
 .ARM.attributes
                0x0000000000000442       0x22 CMakeFiles/blink.dir/home/michael/pico/pico-sdk/src/rp2_common/pico_double/double_v1_rom_shim.S.obj
 .ARM.attributes
                0x0000000000000464       0x22 CMakeFiles/blink.dir/home/michael/pico/pico-sdk/src/rp2_common/pico_float/float_aeabi.S.obj
 .ARM.attributes
                0x0000000000000486       0x2c CMakeFiles/blink.dir/home/michael/pico/pico-sdk/src/rp2_common/pico_float/float_init_rom.c.obj
 .ARM.attributes
                0x00000000000004b2       0x22 CMakeFiles/blink.dir/home/michael/pico/pico-sdk/src/rp2_common/pico_float/float_v1_rom_shim.S.obj
 .ARM.attributes
                0x00000000000004d4       0x22 CMakeFiles/blink.dir/home/michael/pico/pico-sdk/src/rp2_common/pico_mem_ops/mem_ops_aeabi.S.obj
 .ARM.attributes
                0x00000000000004f6       0x22 CMakeFiles/blink.dir/home/michael/pico/pico-sdk/src/rp2_common/pico_standard_link/crt0.S.obj
 .ARM.attributes
                0x0000000000000518       0x32 CMakeFiles/blink.dir/home/michael/pico/pico-sdk/src/rp2_common/pico_standard_link/binary_info.c.obj
 .ARM.attributes
                0x000000000000054a       0x2c CMakeFiles/blink.dir/home/michael/pico/pico-sdk/src/rp2_common/pico_stdio/stdio.c.obj
 .ARM.attributes
                0x0000000000000576       0x2c CMakeFiles/blink.dir/home/michael/pico/pico-sdk/src/rp2_common/pico_stdio_uart/stdio_uart.c.obj
 .ARM.attributes
                0x00000000000005a2       0x2c libFreeRTOS.a(tasks.c.obj)
 .ARM.attributes
                0x00000000000005ce       0x2c libFreeRTOS.a(timers.c.obj)
 .ARM.attributes
                0x00000000000005fa       0x2c libFreeRTOS.a(port.c.obj)
 .ARM.attributes
                0x0000000000000626       0x2c libFreeRTOS.a(heap_4.c.obj)
 .ARM.attributes
                0x0000000000000652       0x2c libFreeRTOS.a(list.c.obj)
 .ARM.attributes
                0x000000000000067e       0x2c libFreeRTOS.a(queue.c.obj)
 .ARM.attributes
                0x00000000000006aa       0x22 /tmp/ccT3vqNu.o
 .ARM.attributes
                0x00000000000006cc       0x1e /usr/lib/gcc/arm-none-eabi/10.3.1/thumb/v6-m/nofp/libgcc.a(_dvmd_tls.o)
 .ARM.attributes
                0x00000000000006ea       0x2c /usr/lib/gcc/arm-none-eabi/10.3.1/../../../arm-none-eabi/lib/thumb/v6-m/nofp/libg.a(lib_a-strlen-stub.o)
 .ARM.attributes
                0x0000000000000716       0x2c /usr/lib/gcc/arm-none-eabi/10.3.1/thumb/v6-m/nofp/crtend.o

.comment        0x0000000000000000       0x33
 .comment       0x0000000000000000       0x33 /usr/lib/gcc/arm-none-eabi/10.3.1/thumb/v6-m/nofp/crtbegin.o
                                         0x34 (size before relaxing)
 .comment       0x0000000000000033       0x34 CMakeFiles/blink.dir/src/main.c.obj
 .comment       0x0000000000000033       0x34 CMakeFiles/blink.dir/home/michael/pico/pico-sdk/src/rp2_common/hardware_gpio/gpio.c.obj
 .comment       0x0000000000000033       0x34 CMakeFiles/blink.dir/home/michael/pico/pico-sdk/src/rp2_common/hardware_claim/claim.c.obj
 .comment       0x0000000000000033       0x34 CMakeFiles/blink.dir/home/michael/pico/pico-sdk/src/rp2_common/pico_platform/platform.c.obj
 .comment       0x0000000000000033       0x34 CMakeFiles/blink.dir/home/michael/pico/pico-sdk/src/rp2_common/hardware_sync/sync.c.obj
 .comment       0x0000000000000033       0x34 CMakeFiles/blink.dir/home/michael/pico/pico-sdk/src/rp2_common/hardware_irq/irq.c.obj
 .comment       0x0000000000000033       0x34 CMakeFiles/blink.dir/home/michael/pico/pico-sdk/src/common/pico_sync/lock_core.c.obj
 .comment       0x0000000000000033       0x34 CMakeFiles/blink.dir/home/michael/pico/pico-sdk/src/common/pico_time/time.c.obj
 .comment       0x0000000000000033       0x34 CMakeFiles/blink.dir/home/michael/pico/pico-sdk/src/rp2_common/hardware_timer/timer.c.obj
 .comment       0x0000000000000033       0x34 CMakeFiles/blink.dir/home/michael/pico/pico-sdk/src/common/pico_util/pheap.c.obj
 .comment       0x0000000000000033       0x34 CMakeFiles/blink.dir/home/michael/pico/pico-sdk/src/common/pico_sync/mutex.c.obj
 .comment       0x0000000000000033       0x34 CMakeFiles/blink.dir/home/michael/pico/pico-sdk/src/rp2_common/hardware_uart/uart.c.obj
 .comment       0x0000000000000033       0x34 CMakeFiles/blink.dir/home/michael/pico/pico-sdk/src/rp2_common/pico_runtime/runtime.c.obj
 .comment       0x0000000000000033       0x34 CMakeFiles/blink.dir/home/michael/pico/pico-sdk/src/rp2_common/hardware_clocks/clocks.c.obj
 .comment       0x0000000000000033       0x34 CMakeFiles/blink.dir/home/michael/pico/pico-sdk/src/rp2_common/hardware_pll/pll.c.obj
 .comment       0x0000000000000033       0x34 CMakeFiles/blink.dir/home/michael/pico/pico-sdk/src/rp2_common/hardware_watchdog/watchdog.c.obj
 .comment       0x0000000000000033       0x34 CMakeFiles/blink.dir/home/michael/pico/pico-sdk/src/rp2_common/hardware_xosc/xosc.c.obj
 .comment       0x0000000000000033       0x34 CMakeFiles/blink.dir/home/michael/pico/pico-sdk/src/rp2_common/pico_printf/printf.c.obj
 .comment       0x0000000000000033       0x34 CMakeFiles/blink.dir/home/michael/pico/pico-sdk/src/rp2_common/pico_bootrom/bootrom.c.obj
 .comment       0x0000000000000033       0x34 CMakeFiles/blink.dir/home/michael/pico/pico-sdk/src/rp2_common/pico_double/double_init_rom.c.obj
 .comment       0x0000000000000033       0x34 CMakeFiles/blink.dir/home/michael/pico/pico-sdk/src/rp2_common/pico_float/float_init_rom.c.obj
 .comment       0x0000000000000033       0x34 CMakeFiles/blink.dir/home/michael/pico/pico-sdk/src/rp2_common/pico_standard_link/binary_info.c.obj
 .comment       0x0000000000000033       0x34 CMakeFiles/blink.dir/home/michael/pico/pico-sdk/src/rp2_common/pico_stdio/stdio.c.obj
 .comment       0x0000000000000033       0x34 CMakeFiles/blink.dir/home/michael/pico/pico-sdk/src/rp2_common/pico_stdio_uart/stdio_uart.c.obj
 .comment       0x0000000000000033       0x34 libFreeRTOS.a(tasks.c.obj)
 .comment       0x0000000000000033       0x34 libFreeRTOS.a(timers.c.obj)
 .comment       0x0000000000000033       0x34 libFreeRTOS.a(port.c.obj)
 .comment       0x0000000000000033       0x34 libFreeRTOS.a(heap_4.c.obj)
 .comment       0x0000000000000033       0x34 libFreeRTOS.a(list.c.obj)
 .comment       0x0000000000000033       0x34 libFreeRTOS.a(queue.c.obj)
 .comment       0x0000000000000033       0x34 /usr/lib/gcc/arm-none-eabi/10.3.1/../../../arm-none-eabi/lib/thumb/v6-m/nofp/libg.a(lib_a-strlen-stub.o)
 .comment       0x0000000000000033       0x34 /usr/lib/gcc/arm-none-eabi/10.3.1/thumb/v6-m/nofp/crtend.o

.debug_info     0x0000000000000000    0x1983a
 .debug_info    0x0000000000000000      0x852 CMakeFiles/blink.dir/src/main.c.obj
 .debug_info    0x0000000000000852     0x16b3 CMakeFiles/blink.dir/home/michael/pico/pico-sdk/src/rp2_common/hardware_gpio/gpio.c.obj
 .debug_info    0x0000000000001f05      0x6a3 CMakeFiles/blink.dir/home/michael/pico/pico-sdk/src/rp2_common/hardware_claim/claim.c.obj
 .debug_info    0x00000000000025a8      0x1cb CMakeFiles/blink.dir/home/michael/pico/pico-sdk/src/rp2_common/pico_platform/platform.c.obj
 .debug_info    0x0000000000002773      0x576 CMakeFiles/blink.dir/home/michael/pico/pico-sdk/src/rp2_common/hardware_sync/sync.c.obj
 .debug_info    0x0000000000002ce9     0x1c01 CMakeFiles/blink.dir/home/michael/pico/pico-sdk/src/rp2_common/hardware_irq/irq.c.obj
 .debug_info    0x00000000000048ea      0x198 CMakeFiles/blink.dir/home/michael/pico/pico-sdk/src/common/pico_sync/lock_core.c.obj
 .debug_info    0x0000000000004a82     0x3aff CMakeFiles/blink.dir/home/michael/pico/pico-sdk/src/common/pico_time/time.c.obj
 .debug_info    0x0000000000008581     0x10f8 CMakeFiles/blink.dir/home/michael/pico/pico-sdk/src/rp2_common/hardware_timer/timer.c.obj
 .debug_info    0x0000000000009679     0x120c CMakeFiles/blink.dir/home/michael/pico/pico-sdk/src/common/pico_util/pheap.c.obj
 .debug_info    0x000000000000a885     0x1ff2 CMakeFiles/blink.dir/home/michael/pico/pico-sdk/src/common/pico_sync/mutex.c.obj
 .debug_info    0x000000000000c877      0xb4d CMakeFiles/blink.dir/home/michael/pico/pico-sdk/src/rp2_common/hardware_uart/uart.c.obj
 .debug_info    0x000000000000d3c4      0xa87 CMakeFiles/blink.dir/home/michael/pico/pico-sdk/src/rp2_common/pico_runtime/runtime.c.obj
 .debug_info    0x000000000000de4b      0xf33 CMakeFiles/blink.dir/home/michael/pico/pico-sdk/src/rp2_common/hardware_clocks/clocks.c.obj
 .debug_info    0x000000000000ed7e      0x532 CMakeFiles/blink.dir/home/michael/pico/pico-sdk/src/rp2_common/hardware_pll/pll.c.obj
 .debug_info    0x000000000000f2b0      0x4ee CMakeFiles/blink.dir/home/michael/pico/pico-sdk/src/rp2_common/hardware_watchdog/watchdog.c.obj
 .debug_info    0x000000000000f79e      0x1c0 CMakeFiles/blink.dir/home/michael/pico/pico-sdk/src/rp2_common/hardware_xosc/xosc.c.obj
 .debug_info    0x000000000000f95e     0x1a47 CMakeFiles/blink.dir/home/michael/pico/pico-sdk/src/rp2_common/pico_printf/printf.c.obj
 .debug_info    0x00000000000113a5       0x22 CMakeFiles/blink.dir/home/michael/pico/pico-sdk/src/rp2_common/pico_bit_ops/bit_ops_aeabi.S.obj
 .debug_info    0x00000000000113c7      0x258 CMakeFiles/blink.dir/home/michael/pico/pico-sdk/src/rp2_common/pico_bootrom/bootrom.c.obj
 .debug_info    0x000000000001161f       0x22 CMakeFiles/blink.dir/home/michael/pico/pico-sdk/src/rp2_common/pico_divider/divider.S.obj
 .debug_info    0x0000000000011641       0x22 CMakeFiles/blink.dir/home/michael/pico/pico-sdk/src/rp2_common/pico_double/double_aeabi.S.obj
 .debug_info    0x0000000000011663      0x2a1 CMakeFiles/blink.dir/home/michael/pico/pico-sdk/src/rp2_common/pico_double/double_init_rom.c.obj
 .debug_info    0x0000000000011904       0x22 CMakeFiles/blink.dir/home/michael/pico/pico-sdk/src/rp2_common/pico_double/double_v1_rom_shim.S.obj
 .debug_info    0x0000000000011926       0x22 CMakeFiles/blink.dir/home/michael/pico/pico-sdk/src/rp2_common/pico_float/float_aeabi.S.obj
 .debug_info    0x0000000000011948      0x2bb CMakeFiles/blink.dir/home/michael/pico/pico-sdk/src/rp2_common/pico_float/float_init_rom.c.obj
 .debug_info    0x0000000000011c03       0x22 CMakeFiles/blink.dir/home/michael/pico/pico-sdk/src/rp2_common/pico_float/float_v1_rom_shim.S.obj
 .debug_info    0x0000000000011c25       0x22 CMakeFiles/blink.dir/home/michael/pico/pico-sdk/src/rp2_common/pico_mem_ops/mem_ops_aeabi.S.obj
 .debug_info    0x0000000000011c47       0x22 CMakeFiles/blink.dir/home/michael/pico/pico-sdk/src/rp2_common/pico_standard_link/crt0.S.obj
 .debug_info    0x0000000000011c69      0x2c6 CMakeFiles/blink.dir/home/michael/pico/pico-sdk/src/rp2_common/pico_standard_link/binary_info.c.obj
 .debug_info    0x0000000000011f2f     0x12ee CMakeFiles/blink.dir/home/michael/pico/pico-sdk/src/rp2_common/pico_stdio/stdio.c.obj
 .debug_info    0x000000000001321d      0xc33 CMakeFiles/blink.dir/home/michael/pico/pico-sdk/src/rp2_common/pico_stdio_uart/stdio_uart.c.obj
 .debug_info    0x0000000000013e50     0x231d libFreeRTOS.a(tasks.c.obj)
 .debug_info    0x000000000001616d     0x10b0 libFreeRTOS.a(timers.c.obj)
 .debug_info    0x000000000001721d      0x2d9 libFreeRTOS.a(port.c.obj)
 .debug_info    0x00000000000174f6      0x5ba libFreeRTOS.a(heap_4.c.obj)
 .debug_info    0x0000000000017ab0      0x2d4 libFreeRTOS.a(list.c.obj)
 .debug_info    0x0000000000017d84     0x19a2 libFreeRTOS.a(queue.c.obj)
 .debug_info    0x0000000000019726       0x26 /usr/lib/gcc/arm-none-eabi/10.3.1/thumb/v6-m/nofp/libgcc.a(_dvmd_tls.o)
 .debug_info    0x000000000001974c       0xee /usr/lib/gcc/arm-none-eabi/10.3.1/../../../arm-none-eabi/lib/thumb/v6-m/nofp/libg.a(lib_a-strlen-stub.o)

.debug_abbrev   0x0000000000000000     0x4cb6
 .debug_abbrev  0x0000000000000000      0x20a CMakeFiles/blink.dir/src/main.c.obj
 .debug_abbrev  0x000000000000020a      0x326 CMakeFiles/blink.dir/home/michael/pico/pico-sdk/src/rp2_common/hardware_gpio/gpio.c.obj
 .debug_abbrev  0x0000000000000530      0x2e9 CMakeFiles/blink.dir/home/michael/pico/pico-sdk/src/rp2_common/hardware_claim/claim.c.obj
 .debug_abbrev  0x0000000000000819       0xeb CMakeFiles/blink.dir/home/michael/pico/pico-sdk/src/rp2_common/pico_platform/platform.c.obj
 .debug_abbrev  0x0000000000000904      0x21b CMakeFiles/blink.dir/home/michael/pico/pico-sdk/src/rp2_common/hardware_sync/sync.c.obj
 .debug_abbrev  0x0000000000000b1f      0x4fc CMakeFiles/blink.dir/home/michael/pico/pico-sdk/src/rp2_common/hardware_irq/irq.c.obj
 .debug_abbrev  0x000000000000101b      0x116 CMakeFiles/blink.dir/home/michael/pico/pico-sdk/src/common/pico_sync/lock_core.c.obj
 .debug_abbrev  0x0000000000001131      0x54d CMakeFiles/blink.dir/home/michael/pico/pico-sdk/src/common/pico_time/time.c.obj
 .debug_abbrev  0x000000000000167e      0x3a2 CMakeFiles/blink.dir/home/michael/pico/pico-sdk/src/rp2_common/hardware_timer/timer.c.obj
 .debug_abbrev  0x0000000000001a20      0x297 CMakeFiles/blink.dir/home/michael/pico/pico-sdk/src/common/pico_util/pheap.c.obj
 .debug_abbrev  0x0000000000001cb7      0x386 CMakeFiles/blink.dir/home/michael/pico/pico-sdk/src/common/pico_sync/mutex.c.obj
 .debug_abbrev  0x000000000000203d      0x2d2 CMakeFiles/blink.dir/home/michael/pico/pico-sdk/src/rp2_common/hardware_uart/uart.c.obj
 .debug_abbrev  0x000000000000230f      0x3aa CMakeFiles/blink.dir/home/michael/pico/pico-sdk/src/rp2_common/pico_runtime/runtime.c.obj
 .debug_abbrev  0x00000000000026b9      0x3a5 CMakeFiles/blink.dir/home/michael/pico/pico-sdk/src/rp2_common/hardware_clocks/clocks.c.obj
 .debug_abbrev  0x0000000000002a5e      0x1ea CMakeFiles/blink.dir/home/michael/pico/pico-sdk/src/rp2_common/hardware_pll/pll.c.obj
 .debug_abbrev  0x0000000000002c48      0x1a8 CMakeFiles/blink.dir/home/michael/pico/pico-sdk/src/rp2_common/hardware_watchdog/watchdog.c.obj
 .debug_abbrev  0x0000000000002df0      0x109 CMakeFiles/blink.dir/home/michael/pico/pico-sdk/src/rp2_common/hardware_xosc/xosc.c.obj
 .debug_abbrev  0x0000000000002ef9      0x384 CMakeFiles/blink.dir/home/michael/pico/pico-sdk/src/rp2_common/pico_printf/printf.c.obj
 .debug_abbrev  0x000000000000327d       0x12 CMakeFiles/blink.dir/home/michael/pico/pico-sdk/src/rp2_common/pico_bit_ops/bit_ops_aeabi.S.obj
 .debug_abbrev  0x000000000000328f      0x13b CMakeFiles/blink.dir/home/michael/pico/pico-sdk/src/rp2_common/pico_bootrom/bootrom.c.obj
 .debug_abbrev  0x00000000000033ca       0x12 CMakeFiles/blink.dir/home/michael/pico/pico-sdk/src/rp2_common/pico_divider/divider.S.obj
 .debug_abbrev  0x00000000000033dc       0x12 CMakeFiles/blink.dir/home/michael/pico/pico-sdk/src/rp2_common/pico_double/double_aeabi.S.obj
 .debug_abbrev  0x00000000000033ee      0x179 CMakeFiles/blink.dir/home/michael/pico/pico-sdk/src/rp2_common/pico_double/double_init_rom.c.obj
 .debug_abbrev  0x0000000000003567       0x12 CMakeFiles/blink.dir/home/michael/pico/pico-sdk/src/rp2_common/pico_double/double_v1_rom_shim.S.obj
 .debug_abbrev  0x0000000000003579       0x12 CMakeFiles/blink.dir/home/michael/pico/pico-sdk/src/rp2_common/pico_float/float_aeabi.S.obj
 .debug_abbrev  0x000000000000358b      0x18c CMakeFiles/blink.dir/home/michael/pico/pico-sdk/src/rp2_common/pico_float/float_init_rom.c.obj
 .debug_abbrev  0x0000000000003717       0x12 CMakeFiles/blink.dir/home/michael/pico/pico-sdk/src/rp2_common/pico_float/float_v1_rom_shim.S.obj
 .debug_abbrev  0x0000000000003729       0x12 CMakeFiles/blink.dir/home/michael/pico/pico-sdk/src/rp2_common/pico_mem_ops/mem_ops_aeabi.S.obj
 .debug_abbrev  0x000000000000373b       0x12 CMakeFiles/blink.dir/home/michael/pico/pico-sdk/src/rp2_common/pico_standard_link/crt0.S.obj
 .debug_abbrev  0x000000000000374d       0xad CMakeFiles/blink.dir/home/michael/pico/pico-sdk/src/rp2_common/pico_standard_link/binary_info.c.obj
 .debug_abbrev  0x00000000000037fa      0x4a9 CMakeFiles/blink.dir/home/michael/pico/pico-sdk/src/rp2_common/pico_stdio/stdio.c.obj
 .debug_abbrev  0x0000000000003ca3      0x373 CMakeFiles/blink.dir/home/michael/pico/pico-sdk/src/rp2_common/pico_stdio_uart/stdio_uart.c.obj
 .debug_abbrev  0x0000000000004016      0x2a1 libFreeRTOS.a(tasks.c.obj)
 .debug_abbrev  0x00000000000042b7      0x23a libFreeRTOS.a(timers.c.obj)
 .debug_abbrev  0x00000000000044f1      0x1ac libFreeRTOS.a(port.c.obj)
 .debug_abbrev  0x000000000000469d      0x22c libFreeRTOS.a(heap_4.c.obj)
 .debug_abbrev  0x00000000000048c9      0x106 libFreeRTOS.a(list.c.obj)